[backblue.gif]
[fade.gif]
[index.html]
[www.naturesbounty.com/vf/healthnotes/HN_Live/Spanish/index.html]
[www.naturesbounty.com/vf/healthnotes/HN_Live/Spanish/!Dev/Bottombar.htm]
[www.naturesbounty.com/vf/healthnotes/HN_Live/Spanish/!Dev/Sidebar.htm]
[www.naturesbounty.com/Images/healthnotes_images/HN_TopNav_tile1.gif]
[www.naturesbounty.com/Images/healthnotes_images/HN_TopNav_Logo-es.gif]
[www.naturesbounty.com/Images/healthnotes_images/HN_TopNav_tile2.gif]
[www.naturesbounty.com/Images/healthnotes_images/HN_TopNav_BtnStart-es.gif]
[www.naturesbounty.com/vf/healthnotes/HN_Live/Spanish/Index/Es-Concern.htm]
[www.naturesbounty.com/Images/healthnotes_images/HN_TopNav_Btnlanguage.gif]
[www.naturesbounty.com/css/HNIndex.css]
[www.naturesbounty.com/Images/healthnotes_images/HN_SideNav_Title-es.gif]
[www.naturesbounty.com/Images/healthnotes_images/HN_SideNav_tile.gif]
[www.naturesbounty.com/vf/healthnotes/HN_Live/Spanish/Index/Es-Herb.htm]
[www.naturesbounty.com/vf/healthnotes/HN_Live/Spanish/Index/Es-Botanical.htm]
[www.naturesbounty.com/vf/healthnotes/HN_Live/Spanish/Index/Es-Supp.htm]
[www.naturesbounty.com/vf/healthnotes/HN_Live/Spanish/Styles/hnol7.css]
[www.naturesbounty.com/vf/healthnotes/HN_Live/Spanish/Es-Concern/Pap_Smear.htm]
[www.naturesbounty.com/vf/healthnotes/HN_Live/Spanish/Es-Concern/Prostatitis.htm]
[www.naturesbounty.com/vf/healthnotes/HN_Live/Spanish/Es-Concern/Stroke.htm]
[www.naturesbounty.com/vf/healthnotes/HN_Live/Spanish/Es-Concern/Indigestion.htm]
[www.naturesbounty.com/vf/healthnotes/HN_Live/Spanish/Es-Concern/Acne_Vulgaris.htm]
[www.naturesbounty.com/vf/healthnotes/HN_Live/Spanish/Es-Concern/Acne_Rosacea.htm]
[www.naturesbounty.com/vf/healthnotes/HN_Live/Spanish/Es-Concern/Athletic_Performance.htm]
[www.naturesbounty.com/vf/healthnotes/HN_Live/Spanish/Es-Concern/Acrodermatitis.htm]
[www.naturesbounty.com/vf/healthnotes/HN_Live/Spanish/Es-Concern/Edema.htm]
[www.naturesbounty.com/vf/healthnotes/HN_Live/Spanish/Es-Concern/ADD.htm]
[www.naturesbounty.com/vf/healthnotes/HN_Live/Spanish/Es-Concern/BPH.htm]
[www.naturesbounty.com/vf/healthnotes/HN_Live/Spanish/Es-Concern/Canker_Sores.htm]
[www.naturesbounty.com/vf/healthnotes/HN_Live/Spanish/Es-Concern/ARCD.htm]
[www.naturesbounty.com/vf/healthnotes/HN_Live/Spanish/Es-Concern/Alcohol.htm]
[www.naturesbounty.com/vf/healthnotes/HN_Live/Spanish/Es-Concern/Hayfever.htm]
[www.naturesbounty.com/vf/healthnotes/HN_Live/Spanish/Es-Concern/Allergies.htm]
[www.naturesbounty.com/vf/healthnotes/HN_Live/Spanish/Es-Concern/Hemorrhoids.htm]
[www.naturesbounty.com/vf/healthnotes/HN_Live/Spanish/Es-Concern/Alzheimers.htm]
[www.naturesbounty.com/vf/healthnotes/HN_Live/Spanish/Es-Concern/Amenorrhea.htm]
[www.naturesbounty.com/vf/healthnotes/HN_Live/Spanish/Es-Concern/Birth_Defects.htm]
[www.naturesbounty.com/vf/healthnotes/HN_Live/Spanish/Es-Concern/Sickle_Cell_Anemia.htm]
[www.naturesbounty.com/vf/healthnotes/HN_Live/Spanish/Es-Concern/Iron_Deficiency.htm]
[www.naturesbounty.com/vf/healthnotes/HN_Live/Spanish/Es-Concern/Vitamin_B12_Deficiency.htm]
[www.naturesbounty.com/vf/healthnotes/HN_Live/Spanish/Es-Concern/Peripheral_Vascular_Disease.htm]
[www.naturesbounty.com/vf/healthnotes/HN_Live/Spanish/Es-Concern/Angina.htm]
[www.naturesbounty.com/vf/healthnotes/HN_Live/Spanish/Es-Concern/Eating_Disorders.htm]
[www.naturesbounty.com/vf/healthnotes/HN_Live/Spanish/Es-Concern/Anxiety.htm]
[www.naturesbounty.com/vf/healthnotes/HN_Live/Spanish/Es-Concern/Osgood-Schlatter.htm]
[www.naturesbounty.com/vf/healthnotes/HN_Live/Spanish/Es-Concern/Rheumatoid_Arthritis.htm]
[www.naturesbounty.com/vf/healthnotes/HN_Live/Spanish/Es-Concern/Cardiac_Arrhythmia.htm]
[www.naturesbounty.com/vf/healthnotes/HN_Live/Spanish/Es-Concern/Atherosclerosis.htm]
[www.naturesbounty.com/vf/healthnotes/HN_Live/Spanish/Es-Concern/Gout.htm]
[www.naturesbounty.com/vf/healthnotes/HN_Live/Spanish/Es-Concern/Osteoarthritis.htm]
[www.naturesbounty.com/vf/healthnotes/HN_Live/Spanish/Es-Concern/Pregnancy.htm]
[www.naturesbounty.com/vf/healthnotes/HN_Live/Spanish/Es-Concern/HIV_Support.htm]
[www.naturesbounty.com/vf/healthnotes/HN_Live/Spanish/Es-Concern/Asthma.htm]
[www.naturesbounty.com/vf/healthnotes/HN_Live/Spanish/Es-Concern/Heart_Attack.htm]
[www.naturesbounty.com/vf/healthnotes/HN_Live/Spanish/Es-Concern/Athletes_Foot.htm]
[www.naturesbounty.com/vf/healthnotes/HN_Live/Spanish/Es-Concern/Autism.htm]
[www.naturesbounty.com/vf/healthnotes/HN_Live/Spanish/Es-Concern/Bells_Palsy.htm]
[www.naturesbounty.com/vf/healthnotes/HN_Live/Spanish/Es-Concern/Bipolar_Disorder.htm]
[www.naturesbounty.com/vf/healthnotes/HN_Live/Spanish/Es-Concern/Conjunctivitis.htm]
[www.naturesbounty.com/vf/healthnotes/HN_Live/Spanish/Es-Concern/Cancer_Breast.htm]
[www.naturesbounty.com/vf/healthnotes/HN_Live/Spanish/Es-Concern/Brittle_Nails.htm]
[www.naturesbounty.com/vf/healthnotes/HN_Live/Spanish/Es-Concern/Bronchitis.htm]
[www.naturesbounty.com/vf/healthnotes/HN_Live/Spanish/Es-Concern/Bruising.htm]
[www.naturesbounty.com/vf/healthnotes/HN_Live/Spanish/Es-Concern/Burns.htm]
[www.naturesbounty.com/vf/healthnotes/HN_Live/Spanish/Es-Concern/Bursitis.htm]
[www.naturesbounty.com/vf/healthnotes/HN_Live/Spanish/Es-Concern/Gallstones.htm]
[www.naturesbounty.com/vf/healthnotes/HN_Live/Spanish/Es-Concern/Kidney_Stones.htm]
[www.naturesbounty.com/vf/healthnotes/HN_Live/Spanish/Es-Concern/Cancer_Colon.htm]
[www.naturesbounty.com/vf/healthnotes/HN_Live/Spanish/Es-Concern/Cancer_Prostate.htm]
[www.naturesbounty.com/vf/healthnotes/HN_Live/Spanish/Es-Concern/Cancer_Lung.htm]
[www.naturesbounty.com/vf/healthnotes/HN_Live/Spanish/Es-Concern/Cancer_Diet.htm]
[www.naturesbounty.com/vf/healthnotes/HN_Live/Spanish/Es-Concern/Chronic_Candidiasis.htm]
[www.naturesbounty.com/vf/healthnotes/HN_Live/Spanish/Es-Concern/Yeast_Infection.htm]
[www.naturesbounty.com/vf/healthnotes/HN_Live/Spanish/Es-Concern/Capillary_Fragility.htm]
[www.naturesbounty.com/vf/healthnotes/HN_Live/Spanish/Es-Concern/Cardiomyopathy.htm]
[www.naturesbounty.com/vf/healthnotes/HN_Live/Spanish/Es-Concern/Cardiovascular_Disease.htm]
[www.naturesbounty.com/vf/healthnotes/HN_Live/Spanish/Es-Concern/Carpal_Tunnel.htm]
[www.naturesbounty.com/vf/healthnotes/HN_Live/Spanish/Es-Concern/Cataracts.htm]
[www.naturesbounty.com/vf/healthnotes/HN_Live/Spanish/Es-Concern/Cluster_Headache.htm]
[www.naturesbounty.com/vf/healthnotes/HN_Live/Spanish/Es-Concern/Tension_Headache.htm]
[www.naturesbounty.com/vf/healthnotes/HN_Live/Spanish/Es-Concern/Night_Blindness.htm]
[www.naturesbounty.com/vf/healthnotes/HN_Live/Spanish/Es-Concern/Celiac_Disease.htm]
[www.naturesbounty.com/vf/healthnotes/HN_Live/Spanish/Es-Concern/Cystic_Fibrosis.htm]
[www.naturesbounty.com/vf/healthnotes/HN_Live/Spanish/Es-Concern/Chronic_Fatigue_Syndrome.htm]
[www.naturesbounty.com/vf/healthnotes/HN_Live/Spanish/Es-Concern/Congestive_Heart.htm]
[www.naturesbounty.com/vf/healthnotes/HN_Live/Spanish/Es-Concern/COPD.htm]
[www.naturesbounty.com/vf/healthnotes/HN_Live/Spanish/Es-Concern/Chronic_Venous.htm]
[www.naturesbounty.com/vf/healthnotes/HN_Live/Spanish/Es-Concern/Low_Back_Pain.htm]
[www.naturesbounty.com/vf/healthnotes/HN_Live/Spanish/Es-Concern/Wound_Healing.htm]
[www.naturesbounty.com/vf/healthnotes/HN_Live/Spanish/Es-Concern/Liver_Cirrhosis.htm]
[www.naturesbounty.com/vf/healthnotes/HN_Live/Spanish/Es-Concern/UTI.htm]
[www.naturesbounty.com/vf/healthnotes/HN_Live/Spanish/Es-Concern/Intermittent_Claudication.htm]
[www.naturesbounty.com/vf/healthnotes/HN_Live/Spanish/Es-Concern/Cold_Sores.htm]
[www.naturesbounty.com/vf/healthnotes/HN_Live/Spanish/Es-Concern/High_Cholesterol.htm]
[www.naturesbounty.com/vf/healthnotes/HN_Live/Spanish/Es-Concern/Colic.htm]
[www.naturesbounty.com/vf/healthnotes/HN_Live/Spanish/Es-Concern/Dysmenorrhea.htm]
[www.naturesbounty.com/vf/healthnotes/HN_Live/Spanish/Es-Concern/Irritable_Bowel.htm]
[www.naturesbounty.com/vf/healthnotes/HN_Live/Spanish/Es-Concern/Ulcerative_Colitis.htm]
[www.naturesbounty.com/vf/healthnotes/HN_Live/Spanish/Es-Concern/Common_Cold.htm]
[www.naturesbounty.com/vf/healthnotes/HN_Live/Spanish/Es-Concern/Warts.htm]
[www.naturesbounty.com/vf/healthnotes/HN_Live/Spanish/Es-Concern/Sinus_Congestion.htm]
[www.naturesbounty.com/vf/healthnotes/HN_Live/Spanish/Es-Concern/Constipation.htm]
[www.naturesbounty.com/vf/healthnotes/HN_Live/Spanish/Es-Concern/Infertility_Male.htm]
[www.naturesbounty.com/vf/healthnotes/HN_Live/Spanish/Es-Concern/Dupuytrens_Contracture.htm]
[www.naturesbounty.com/vf/healthnotes/HN_Live/Spanish/Es-Concern/Epilepsy.htm]
[www.naturesbounty.com/vf/healthnotes/HN_Live/Spanish/Es-Concern/Mitral_Valve_Prolapse.htm]
[www.naturesbounty.com/vf/healthnotes/HN_Live/Spanish/Es-Concern/Cough.htm]
[www.naturesbounty.com/vf/healthnotes/HN_Live/Spanish/Es-Concern/Crohns.htm]
[www.naturesbounty.com/vf/healthnotes/HN_Live/Spanish/Es-Concern/Shingles.htm]
[www.naturesbounty.com/vf/healthnotes/HN_Live/Spanish/Es-Concern/Wilsons_Disease.htm]
[www.naturesbounty.com/vf/healthnotes/HN_Live/Spanish/Es-Concern/Macular_Degeneration.htm]
[www.naturesbounty.com/vf/healthnotes/HN_Live/Spanish/Es-Concern/Lupus.htm]
[www.naturesbounty.com/vf/healthnotes/HN_Live/Spanish/Es-Concern/Diarrhea.htm]
[www.naturesbounty.com/vf/healthnotes/HN_Live/Spanish/Es-Concern/Depression.htm]
[www.naturesbounty.com/vf/healthnotes/HN_Live/Spanish/Es-Concern/Seasonal_Affective_Disorder.htm]
[www.naturesbounty.com/vf/healthnotes/HN_Live/Spanish/Es-Concern/PMS.htm]
[www.naturesbounty.com/vf/healthnotes/HN_Live/Spanish/Es-Concern/Eczema.htm]
[www.naturesbounty.com/vf/healthnotes/HN_Live/Spanish/Es-Concern/Dermatitis_Herpetiformis.htm]
[www.naturesbounty.com/vf/healthnotes/HN_Live/Spanish/Es-Concern/Seborrheic_Dermatitis.htm]
[www.naturesbounty.com/vf/healthnotes/HN_Live/Spanish/Es-Concern/Diabetes.htm]
[www.naturesbounty.com/vf/healthnotes/HN_Live/Spanish/Es-Concern/Insomnia.htm]
[www.naturesbounty.com/vf/healthnotes/HN_Live/Spanish/Es-Concern/Tardive_Dyskinesia.htm]
[www.naturesbounty.com/vf/healthnotes/HN_Live/Spanish/Es-Concern/Erectile_Dysfunction.htm]
[www.naturesbounty.com/vf/healthnotes/HN_Live/Spanish/Es-Concern/Sprains_Strains.htm]
[www.naturesbounty.com/vf/healthnotes/HN_Live/Spanish/Es-Concern/Diverticular_Disease.htm]
[www.naturesbounty.com/vf/healthnotes/HN_Live/Spanish/Es-Concern/Pain.htm]
[www.naturesbounty.com/vf/healthnotes/HN_Live/Spanish/Es-Concern/Endometriosis.htm]
[www.naturesbounty.com/vf/healthnotes/HN_Live/Spanish/Es-Concern/Hypertension.htm]
[www.naturesbounty.com/vf/healthnotes/HN_Live/Spanish/Es-Concern/High_Triglycerides.htm]
[www.naturesbounty.com/vf/healthnotes/HN_Live/Spanish/Es-Concern/Phenylketonuria.htm]
[www.naturesbounty.com/vf/healthnotes/HN_Live/Spanish/Es-Concern/Gingivitis.htm]
[www.naturesbounty.com/vf/healthnotes/HN_Live/Spanish/Es-Concern/Menieres_Disease.htm]
[www.naturesbounty.com/vf/healthnotes/HN_Live/Spanish/Es-Concern/Menkes_Disease.htm]
[www.naturesbounty.com/vf/healthnotes/HN_Live/Spanish/Es-Concern/Parkinsons_Disease.htm]
[www.naturesbounty.com/vf/healthnotes/HN_Live/Spanish/Es-Concern/Raynauds_Disease.htm]
[www.naturesbounty.com/vf/healthnotes/HN_Live/Spanish/Es-Concern/GERD.htm]
[www.naturesbounty.com/vf/healthnotes/HN_Live/Spanish/Es-Concern/Peptic_Ulcer.htm]
[www.naturesbounty.com/vf/healthnotes/HN_Live/Spanish/Es-Concern/Multiple_Sclerosis.htm]
[www.naturesbounty.com/vf/healthnotes/HN_Live/Spanish/Es-Concern/Schizophrenia.htm]
[www.naturesbounty.com/vf/healthnotes/HN_Live/Spanish/Es-Concern/Infertility_Female.htm]
[www.naturesbounty.com/vf/healthnotes/HN_Live/Spanish/Es-Concern/Fibrocystic_Breast.htm]
[www.naturesbounty.com/vf/healthnotes/HN_Live/Spanish/Es-Concern/Fibromyalgia.htm]
[www.naturesbounty.com/vf/healthnotes/HN_Live/Spanish/Es-Concern/Photosensitivity.htm]
[www.naturesbounty.com/vf/healthnotes/HN_Live/Spanish/Es-Concern/Immune_Function.htm]
[www.naturesbounty.com/vf/healthnotes/HN_Live/Spanish/Es-Concern/Pancreatic_Insufficiency.htm]
[www.naturesbounty.com/vf/healthnotes/HN_Live/Spanish/Es-Concern/Gastritis.htm]
[www.naturesbounty.com/vf/healthnotes/HN_Live/Spanish/Es-Concern/Genital_Herpes.htm]
[www.naturesbounty.com/vf/healthnotes/HN_Live/Spanish/Es-Concern/Gestational_Hypertension.htm]
[www.naturesbounty.com/vf/healthnotes/HN_Live/Spanish/Es-Concern/Parasites.htm]
[www.naturesbounty.com/vf/healthnotes/HN_Live/Spanish/Es-Concern/Glaucoma.htm]
[www.naturesbounty.com/vf/healthnotes/HN_Live/Spanish/Es-Concern/Hypoglycemia.htm]
[www.naturesbounty.com/vf/healthnotes/HN_Live/Spanish/Es-Concern/Influenza.htm]
[www.naturesbounty.com/vf/healthnotes/HN_Live/Spanish/Es-Concern/Hepatitis.htm]
[www.naturesbounty.com/vf/healthnotes/HN_Live/Spanish/Es-Concern/High_Homocysteine.htm]
[www.naturesbounty.com/vf/healthnotes/HN_Live/Spanish/Es-Concern/Morning_Sickness.htm]
[www.naturesbounty.com/vf/healthnotes/HN_Live/Spanish/Es-Concern/MSG_Sensitivity.htm]
[www.naturesbounty.com/vf/healthnotes/HN_Live/Spanish/Es-Concern/Preeclampsia.htm]
[www.naturesbounty.com/vf/healthnotes/HN_Live/Spanish/Es-Concern/Hypothyroidism.htm]
[www.naturesbounty.com/vf/healthnotes/HN_Live/Spanish/Es-Concern/Hives.htm]
[www.naturesbounty.com/vf/healthnotes/HN_Live/Spanish/Es-Concern/Osteoporosis.htm]
[www.naturesbounty.com/vf/healthnotes/HN_Live/Spanish/Es-Concern/Infection.htm]
[www.naturesbounty.com/vf/healthnotes/HN_Live/Spanish/Es-Concern/Sinusitis.htm]
[www.naturesbounty.com/vf/healthnotes/HN_Live/Spanish/Es-Concern/Ear_Infections.htm]
[www.naturesbounty.com/vf/healthnotes/HN_Live/Spanish/Es-Concern/Vaginitis.htm]
[www.naturesbounty.com/vf/healthnotes/HN_Live/Spanish/Es-Concern/Insulin_Resistance_Syndrome.htm]
[www.naturesbounty.com/vf/healthnotes/HN_Live/Spanish/Es-Concern/Lactose_Intolerance.htm]
[www.naturesbounty.com/vf/healthnotes/HN_Live/Spanish/Es-Concern/Migraine.htm]
[www.naturesbounty.com/vf/healthnotes/HN_Live/Spanish/Es-Concern/Jet_Lag.htm]
[www.naturesbounty.com/vf/healthnotes/HN_Live/Spanish/Es-Concern/Leukoplakia.htm]
[www.naturesbounty.com/vf/healthnotes/HN_Live/Spanish/Es-Concern/Motion_Sickness.htm]
[www.naturesbounty.com/vf/healthnotes/HN_Live/Spanish/Es-Concern/Menopause.htm]
[www.naturesbounty.com/vf/healthnotes/HN_Live/Spanish/Es-Concern/Menorrhagia.htm]
[www.naturesbounty.com/vf/healthnotes/HN_Live/Spanish/Es-Concern/Retinopathy.htm]
[www.naturesbounty.com/vf/healthnotes/HN_Live/Spanish/Es-Concern/Weight_Loss.htm]
[www.naturesbounty.com/vf/healthnotes/HN_Live/Spanish/Es-Concern/Vitiligo.htm]
[www.naturesbounty.com/vf/healthnotes/HN_Live/Spanish/Es-Concern/Psoriasis.htm]
[www.naturesbounty.com/vf/healthnotes/HN_Live/Spanish/Es-Concern/Rickets.htm]
[www.naturesbounty.com/vf/healthnotes/HN_Live/Spanish/Es-Concern/Restless_Legs_Syndrome.htm]
[www.naturesbounty.com/vf/healthnotes/HN_Live/Spanish/Es-Concern/Yellow_Nail_Syndrome.htm]
[www.naturesbounty.com/vf/healthnotes/HN_Live/Spanish/Es-Concern/Tendinitis.htm]
[www.naturesbounty.com/vf/healthnotes/HN_Live/Spanish/Es-Concern/Tinnitus.htm]
[www.naturesbounty.com/vf/healthnotes/HN_Live/Spanish/Es-Concern/Varicose_Veins.htm]
[www.naturesbounty.com/vf/healthnotes/HN_Live/Spanish/Es-Concern/Vertigo.htm]
[www.naturesbounty.com/vf/healthnotes/HN_Live/Spanish/Es-Herb/Peppermint.htm]
[www.naturesbounty.com/vf/healthnotes/HN_Live/Spanish/Es-Supp/Evening_Primrose_Oil.htm]
[www.naturesbounty.com/vf/healthnotes/HN_Live/Spanish/Es-Herb/Tea_Tree.htm]
[www.naturesbounty.com/vf/healthnotes/HN_Live/Spanish/Es-Herb/Vitex.htm]
[www.naturesbounty.com/vf/healthnotes/HN_Live/Spanish/Es-Herb/Barberry.htm]
[www.naturesbounty.com/vf/healthnotes/HN_Live/Spanish/Es-Herb/Motherwort.htm]
[www.naturesbounty.com/vf/healthnotes/HN_Live/Spanish/Es-Herb/Uva_Ursi.htm]
[www.naturesbounty.com/vf/healthnotes/HN_Live/Spanish/Es-Herb/Pumpkin.htm]
[www.naturesbounty.com/vf/healthnotes/HN_Live/Spanish/Es-Herb/Wormwood.htm]
[www.naturesbounty.com/vf/healthnotes/HN_Live/Spanish/Es-Herb/Sweet_Annie.htm]
[www.naturesbounty.com/vf/healthnotes/HN_Live/Spanish/Es-Herb/Cayenne.htm]
[www.naturesbounty.com/vf/healthnotes/HN_Live/Spanish/Es-Herb/Garlic.htm]
[www.naturesbounty.com/vf/healthnotes/HN_Live/Spanish/Es-Herb/Ginkgo_Biloba.htm]
[www.naturesbounty.com/vf/healthnotes/HN_Live/Spanish/Es-Herb/Artichoke.htm]
[www.naturesbounty.com/vf/healthnotes/HN_Live/Spanish/Es-Herb/Yarrow.htm]
[www.naturesbounty.com/vf/healthnotes/HN_Live/Spanish/Es-Herb/Caraway.htm]
[www.naturesbounty.com/vf/healthnotes/HN_Live/Spanish/Es-Herb/Alfalfa.htm]
[www.naturesbounty.com/vf/healthnotes/HN_Live/Spanish/Es-Supp/Blue_Green_Algae.htm]
[www.naturesbounty.com/vf/healthnotes/HN_Live/Spanish/Es-Herb/Carob.htm]
[www.naturesbounty.com/vf/healthnotes/HN_Live/Spanish/Es-Herb/Fenugreek.htm]
[www.naturesbounty.com/vf/healthnotes/HN_Live/Spanish/Es-Herb/Ligustrum.htm]
[www.naturesbounty.com/vf/healthnotes/HN_Live/Spanish/Es-Herb/Aloe.htm]
[www.naturesbounty.com/vf/healthnotes/HN_Live/Spanish/Es-Herb/Marshmallow.htm]
[www.naturesbounty.com/vf/healthnotes/HN_Live/Spanish/Es-Herb/Ginseng_American.htm]
[www.naturesbounty.com/vf/healthnotes/HN_Live/Spanish/Es-Herb/Scullcap_American.htm]
[www.naturesbounty.com/vf/healthnotes/HN_Live/Spanish/Es-Herb/Cleavers.htm]
[www.naturesbounty.com/vf/healthnotes/HN_Live/Spanish/Es-Herb/Andrographis.htm]
[www.naturesbounty.com/vf/healthnotes/HN_Live/Spanish/Es-Herb/Dong_Quai.htm]
[www.naturesbounty.com/vf/healthnotes/HN_Live/Spanish/Es-Herb/Blueberry.htm]
[www.naturesbounty.com/vf/healthnotes/HN_Live/Spanish/Es-Herb/Bilberry.htm]
[www.naturesbounty.com/vf/healthnotes/HN_Live/Spanish/Es-Herb/Cranberry.htm]
[www.naturesbounty.com/vf/healthnotes/HN_Live/Spanish/Es-Herb/Red_Yeast_Rice.htm]
[www.naturesbounty.com/vf/healthnotes/HN_Live/Spanish/Es-Herb/Ashwagandha.htm]
[www.naturesbounty.com/vf/healthnotes/HN_Live/Spanish/Es-Herb/Ginseng_Asian.htm]
[www.naturesbounty.com/vf/healthnotes/HN_Live/Spanish/Es-Herb/Astragalus.htm]
[www.naturesbounty.com/vf/healthnotes/HN_Live/Spanish/Es-Herb/Oats.htm]
[www.naturesbounty.com/vf/healthnotes/HN_Live/Spanish/Es-Herb/Turmeric.htm]
[www.naturesbounty.com/vf/healthnotes/HN_Live/Spanish/Es-Herb/Lemon_Balm.htm]
[www.naturesbounty.com/vf/healthnotes/HN_Live/Spanish/Es-Herb/Usnea.htm]
[www.naturesbounty.com/vf/healthnotes/HN_Live/Spanish/Es-Herb/Burdock.htm]
[www.naturesbounty.com/vf/healthnotes/HN_Live/Spanish/Es-Herb/Elderberry.htm]
[www.naturesbounty.com/vf/healthnotes/HN_Live/Spanish/Es-Supp/Beta_Sitosterol.htm]
[www.naturesbounty.com/vf/healthnotes/HN_Live/Spanish/Es-Herb/Bitter_Melon.htm]
[www.naturesbounty.com/vf/healthnotes/HN_Live/Spanish/Es-Herb/Black_Cohosh.htm]
[www.naturesbounty.com/vf/healthnotes/HN_Live/Spanish/Es-Herb/Blackberry.htm]
[www.naturesbounty.com/vf/healthnotes/HN_Live/Spanish/Es-Herb/Blessed_Thistle.htm]
[www.naturesbounty.com/vf/healthnotes/HN_Live/Spanish/Es-Herb/Bloodroot.htm]
[www.naturesbounty.com/vf/healthnotes/HN_Live/Spanish/Es-Herb/Blue_Cohosh.htm]
[www.naturesbounty.com/vf/healthnotes/HN_Live/Spanish/Es-Herb/Blue_Flag.htm]
[www.naturesbounty.com/vf/healthnotes/HN_Live/Spanish/Es-Herb/Boldo.htm]
[www.naturesbounty.com/vf/healthnotes/HN_Live/Spanish/Es-Herb/Boneset.htm]
[www.naturesbounty.com/vf/healthnotes/HN_Live/Spanish/Es-Herb/Boswellia.htm]
[www.naturesbounty.com/vf/healthnotes/HN_Live/Spanish/Es-Supp/Bromelain.htm]
[www.naturesbounty.com/vf/healthnotes/HN_Live/Spanish/Es-Herb/Buchu.htm]
[www.naturesbounty.com/vf/healthnotes/HN_Live/Spanish/Es-Herb/Bugleweed.htm]
[www.naturesbounty.com/vf/healthnotes/HN_Live/Spanish/Es-Herb/Bupleurum.htm]
[www.naturesbounty.com/vf/healthnotes/HN_Live/Spanish/Es-Herb/Butchers_Broom.htm]
[www.naturesbounty.com/vf/healthnotes/HN_Live/Spanish/Es-Herb/Calendula.htm]
[www.naturesbounty.com/vf/healthnotes/HN_Live/Spanish/Es-Herb/Cinnamon.htm]
[www.naturesbounty.com/vf/healthnotes/HN_Live/Spanish/Es-Herb/Chickweed.htm]
[www.naturesbounty.com/vf/healthnotes/HN_Live/Spanish/Es-Herb/Wild_Cherry.htm]
[www.naturesbounty.com/vf/healthnotes/HN_Live/Spanish/Es-Herb/Milk_Thistle.htm]
[www.naturesbounty.com/vf/healthnotes/HN_Live/Spanish/Es-Herb/Horsetail.htm]
[www.naturesbounty.com/vf/healthnotes/HN_Live/Spanish/Es-Herb/Cascara.htm]
[www.naturesbounty.com/vf/healthnotes/HN_Live/Spanish/Es-Herb/Psyllium.htm]
[www.naturesbounty.com/vf/healthnotes/HN_Live/Spanish/Es-Herb/Horse_Chestnut.htm]
[www.naturesbounty.com/vf/healthnotes/HN_Live/Spanish/Es-Herb/Catnip.htm]
[www.naturesbounty.com/vf/healthnotes/HN_Live/Spanish/Es-Herb/Cats_Claw.htm]
[www.naturesbounty.com/vf/healthnotes/HN_Live/Spanish/Es-Herb/Juniper.htm]
[www.naturesbounty.com/vf/healthnotes/HN_Live/Spanish/Es-Herb/Greater_Celandine.htm]
[www.naturesbounty.com/vf/healthnotes/HN_Live/Spanish/Es-Herb/Chamomile.htm]
[www.naturesbounty.com/vf/healthnotes/HN_Live/Spanish/Es-Herb/Phyllanthus.htm]
[www.naturesbounty.com/vf/healthnotes/HN_Live/Spanish/Es-Herb/Chaparral.htm]
[www.naturesbounty.com/vf/healthnotes/HN_Live/Spanish/Es-Herb/Scullcap_Chinese.htm]
[www.naturesbounty.com/vf/healthnotes/HN_Live/Spanish/Es-Herb/Schisandra.htm]
[www.naturesbounty.com/vf/healthnotes/HN_Live/Spanish/Es-Herb/Coleus.htm]
[www.naturesbounty.com/vf/healthnotes/HN_Live/Spanish/Es-Herb/Coltsfoot.htm]
[www.naturesbounty.com/vf/healthnotes/HN_Live/Spanish/Es-Herb/Comfrey.htm]
[www.naturesbounty.com/vf/healthnotes/HN_Live/Spanish/Es-Herb/Eyebright.htm]
[www.naturesbounty.com/vf/healthnotes/HN_Live/Spanish/Es-Herb/Corydalis.htm]
[www.naturesbounty.com/vf/healthnotes/HN_Live/Spanish/Es-Herb/Cranesbill.htm]
[www.naturesbounty.com/vf/healthnotes/HN_Live/Spanish/Es-Herb/Damiana.htm]
[www.naturesbounty.com/vf/healthnotes/HN_Live/Spanish/Es-Herb/Dandelion.htm]
[www.naturesbounty.com/vf/healthnotes/HN_Live/Spanish/Es-Herb/Devils_Claw.htm]
[www.naturesbounty.com/vf/healthnotes/HN_Live/Spanish/Es-Herb/Echinacea.htm]
[www.naturesbounty.com/vf/healthnotes/HN_Live/Spanish/Es-Herb/Ephedra.htm]
[www.naturesbounty.com/vf/healthnotes/HN_Live/Spanish/Es-Herb/Elecampane.htm]
[www.naturesbounty.com/vf/healthnotes/HN_Live/Spanish/Es-Herb/Eleuthero.htm]
[www.naturesbounty.com/vf/healthnotes/HN_Live/Spanish/Es-Herb/Hawthorn.htm]
[www.naturesbounty.com/vf/healthnotes/HN_Live/Spanish/Es-Herb/Eucalyptus.htm]
[www.naturesbounty.com/vf/healthnotes/HN_Live/Spanish/Es-Herb/Yellow_Dock.htm]
[www.naturesbounty.com/vf/healthnotes/HN_Live/Spanish/Es-Herb/False_Unicorn.htm]
[www.naturesbounty.com/vf/healthnotes/HN_Live/Spanish/Es-Herb/Fennel.htm]
[www.naturesbounty.com/vf/healthnotes/HN_Live/Spanish/Es-Herb/Feverfew.htm]
[www.naturesbounty.com/vf/healthnotes/HN_Live/Spanish/Es-Herb/Pau_Darco.htm]
[www.naturesbounty.com/vf/healthnotes/HN_Live/Spanish/Es-Herb/Linden.htm]
[www.naturesbounty.com/vf/healthnotes/HN_Live/Spanish/Es-Herb/Fo-ti.htm]
[www.naturesbounty.com/vf/healthnotes/HN_Live/Spanish/Es-Herb/Red_Raspberry.htm]
[www.naturesbounty.com/vf/healthnotes/HN_Live/Spanish/Es-Herb/Prickly_Ash.htm]
[www.naturesbounty.com/vf/healthnotes/HN_Live/Spanish/Es-Herb/Noni.htm]
[www.naturesbounty.com/vf/healthnotes/HN_Live/Spanish/Es-Herb/Maitake.htm]
[www.naturesbounty.com/vf/healthnotes/HN_Live/Spanish/Es-Herb/Gentian.htm]
[www.naturesbounty.com/vf/healthnotes/HN_Live/Spanish/Es-Herb/Gymnema.htm]
[www.naturesbounty.com/vf/healthnotes/HN_Live/Spanish/Es-Herb/Ginger.htm]
[www.naturesbounty.com/vf/healthnotes/HN_Live/Spanish/Es-Herb/Suma.htm]
[www.naturesbounty.com/vf/healthnotes/HN_Live/Spanish/Es-Herb/Goldenseal.htm]
[www.naturesbounty.com/vf/healthnotes/HN_Live/Spanish/Es-Herb/Mullein.htm]
[www.naturesbounty.com/vf/healthnotes/HN_Live/Spanish/Es-Herb/Gotu_Kola.htm]
[www.naturesbounty.com/vf/healthnotes/HN_Live/Spanish/Es-Herb/Green_Tea.htm]
[www.naturesbounty.com/vf/healthnotes/HN_Live/Spanish/Es-Herb/Guarana.htm]
[www.naturesbounty.com/vf/healthnotes/HN_Live/Spanish/Es-Herb/Guggul.htm]
[www.naturesbounty.com/vf/healthnotes/HN_Live/Spanish/Es-Herb/Witch_Hazel.htm]
[www.naturesbounty.com/vf/healthnotes/HN_Live/Spanish/Es-Herb/St_Johns_Wort.htm]
[www.naturesbounty.com/vf/healthnotes/HN_Live/Spanish/Es-Herb/Wild_Indigo.htm]
[www.naturesbounty.com/vf/healthnotes/HN_Live/Spanish/Es-Herb/Stevia.htm]
[www.naturesbounty.com/vf/healthnotes/HN_Live/Spanish/Es-Herb/Pennyroyal.htm]
[www.naturesbounty.com/vf/healthnotes/HN_Live/Spanish/Es-Herb/Hyssop.htm]
[www.naturesbounty.com/vf/healthnotes/HN_Live/Spanish/Es-Herb/Ivy_Leaf.htm]
[www.naturesbounty.com/vf/healthnotes/HN_Live/Spanish/Es-Herb/Olive_Leaf.htm]
[www.naturesbounty.com/vf/healthnotes/HN_Live/Spanish/Es-Herb/Hops.htm]
[www.naturesbounty.com/vf/healthnotes/HN_Live/Spanish/Es-Herb/Horehound.htm]
[www.naturesbounty.com/vf/healthnotes/HN_Live/Spanish/Es-Herb/Horseradish.htm]
[www.naturesbounty.com/vf/healthnotes/HN_Live/Spanish/Es-Herb/Huperzia.htm]
[www.naturesbounty.com/vf/healthnotes/HN_Live/Spanish/Es-Herb/Ipecac.htm]
[www.naturesbounty.com/vf/healthnotes/HN_Live/Spanish/Es-Herb/Kava.htm]
[www.naturesbounty.com/vf/healthnotes/HN_Live/Spanish/Es-Herb/Kudzu.htm]
[www.naturesbounty.com/vf/healthnotes/HN_Live/Spanish/Es-Herb/Lavender.htm]
[www.naturesbounty.com/vf/healthnotes/HN_Live/Spanish/Es-Herb/Licorice.htm]
[www.naturesbounty.com/vf/healthnotes/HN_Live/Spanish/Es-Herb/Plantain.htm]
[www.naturesbounty.com/vf/healthnotes/HN_Live/Spanish/Es-Herb/Lobelia.htm]
[www.naturesbounty.com/vf/healthnotes/HN_Live/Spanish/Es-Herb/Lomatium.htm]
[www.naturesbounty.com/vf/healthnotes/HN_Live/Spanish/Es-Herb/Oregano.htm]
[www.naturesbounty.com/vf/healthnotes/HN_Live/Spanish/Es-Herb/Meadowsweet.htm]
[www.naturesbounty.com/vf/healthnotes/HN_Live/Spanish/Es-Herb/Myrrh.htm]
[www.naturesbounty.com/vf/healthnotes/HN_Live/Spanish/Es-Herb/Mistletoe.htm]
[www.naturesbounty.com/vf/healthnotes/HN_Live/Spanish/Es-Herb/Wild_Yam.htm]
[www.naturesbounty.com/vf/healthnotes/HN_Live/Spanish/Es-Herb/Nettle.htm]
[www.naturesbounty.com/vf/healthnotes/HN_Live/Spanish/Es-Herb/Oak.htm]
[www.naturesbounty.com/vf/healthnotes/HN_Live/Spanish/Es-Herb/Slippery_Elm.htm]
[www.naturesbounty.com/vf/healthnotes/HN_Live/Spanish/Es-Herb/Oregon_Grape.htm]
[www.naturesbounty.com/vf/healthnotes/HN_Live/Spanish/Es-Herb/Saw_Palmetto.htm]
[www.naturesbounty.com/vf/healthnotes/HN_Live/Spanish/Es-Herb/Passion_Flower.htm]
[www.naturesbounty.com/vf/healthnotes/HN_Live/Spanish/Es-Herb/Picrorhiza.htm]
[www.naturesbounty.com/vf/healthnotes/HN_Live/Spanish/Es-Supp/Pollen.htm]
[www.naturesbounty.com/vf/healthnotes/HN_Live/Spanish/Es-Supp/Proanthocyanidin.htm]
[www.naturesbounty.com/vf/healthnotes/HN_Live/Spanish/Es-Herb/Pygeum.htm]
[www.naturesbounty.com/vf/healthnotes/HN_Live/Spanish/Es-Supp/Kelp.htm]
[www.naturesbounty.com/vf/healthnotes/HN_Live/Spanish/Es-Herb/Red_Clover.htm]
[www.naturesbounty.com/vf/healthnotes/HN_Live/Spanish/Es-Herb/Reishi.htm]
[www.naturesbounty.com/vf/healthnotes/HN_Live/Spanish/Es-Herb/Sundew.htm]
[www.naturesbounty.com/vf/healthnotes/HN_Live/Spanish/Es-Herb/Rosemary.htm]
[www.naturesbounty.com/vf/healthnotes/HN_Live/Spanish/Es-Herb/Sage.htm]
[www.naturesbounty.com/vf/healthnotes/HN_Live/Spanish/Es-Herb/Sandalwood.htm]
[www.naturesbounty.com/vf/healthnotes/HN_Live/Spanish/Es-Herb/Sarsaparilla.htm]
[www.naturesbounty.com/vf/healthnotes/HN_Live/Spanish/Es-Herb/White_Willow.htm]
[www.naturesbounty.com/vf/healthnotes/HN_Live/Spanish/Es-Herb/Senna.htm]
[www.naturesbounty.com/vf/healthnotes/HN_Live/Spanish/Es-Herb/Shiitake.htm]
[www.naturesbounty.com/vf/healthnotes/HN_Live/Spanish/Es-Supp/Soy.htm]
[www.naturesbounty.com/vf/healthnotes/HN_Live/Spanish/Es-Herb/Thyme.htm]
[www.naturesbounty.com/vf/healthnotes/HN_Live/Spanish/Es-Herb/Tylophora.htm]
[www.naturesbounty.com/vf/healthnotes/HN_Live/Spanish/Es-Herb/Valerian.htm]
[www.naturesbounty.com/vf/healthnotes/HN_Live/Spanish/Es-Herb/Vervain.htm]
[www.naturesbounty.com/vf/healthnotes/HN_Live/Spanish/Es-Herb/Yohimbe.htm]
[www.naturesbounty.com/vf/healthnotes/HN_Live/Spanish/Es-Herb/Yucca.htm]
[www.naturesbounty.com/vf/healthnotes/HN_Live/Spanish/Es-Supp/Borage.htm]
[www.naturesbounty.com/vf/healthnotes/HN_Live/Spanish/Es-Supp/Hydroxycitric_Acid.htm]
[www.naturesbounty.com/vf/healthnotes/HN_Live/Spanish/Es-Supp/Flaxseed.htm]
[www.naturesbounty.com/vf/healthnotes/HN_Live/Spanish/Es-Supp/Branched_Chain_Aminos.htm]
[www.naturesbounty.com/vf/healthnotes/HN_Live/Spanish/Es-Supp/Fish_Oil.htm]
[www.naturesbounty.com/vf/healthnotes/HN_Live/Spanish/Es-Supp/Acetyl_L_Carnitine.htm]
[www.naturesbounty.com/vf/healthnotes/HN_Live/Spanish/Es-Supp/N_Acetyl_Cysteine.htm]
[www.naturesbounty.com/vf/healthnotes/HN_Live/Spanish/Es-Supp/Probiotics.htm]
[www.naturesbounty.com/vf/healthnotes/HN_Live/Spanish/Es-Supp/Vitamin_B12.htm]
[www.naturesbounty.com/vf/healthnotes/HN_Live/Spanish/Es-Supp/Adenosine_Monophosphate.htm]
[www.naturesbounty.com/vf/healthnotes/HN_Live/Spanish/Es-Supp/Adrenal_Extract.htm]
[www.naturesbounty.com/vf/healthnotes/HN_Live/Spanish/Es-Supp/Alpha_Lipoic_Acid.htm]
[www.naturesbounty.com/vf/healthnotes/HN_Live/Spanish/Es-Supp/Alanine.htm]
[www.naturesbounty.com/vf/healthnotes/HN_Live/Spanish/Es-Images/toc_bullet.gif]
[www.naturesbounty.com/vf/healthnotes/HN_Live/Spanish/Es-Supp/Vitamin_E.htm]
[www.naturesbounty.com/vf/healthnotes/HN_Live/Spanish/Es-Images/2Stars.gif]
[www.naturesbounty.com/vf/healthnotes/HN_Live/Spanish/Es-Images/3Stars.gif]
[www.naturesbounty.com/vf/healthnotes/HN_Live/Spanish/Es-Supp/Amino_Acids.htm]
[www.naturesbounty.com/vf/healthnotes/HN_Live/Spanish/Es-Images/1Star.gif]
[www.naturesbounty.com/vf/healthnotes/HN_Live/Spanish/Es-Supp/5-HTP.htm]
[www.naturesbounty.com/vf/healthnotes/HN_Live/Spanish/Es-Images/LogoCpyrt.gif]
[www.naturesbounty.com/vf/healthnotes/HN_Live/Spanish/Es-Supp/Glutamic_Acid.htm]
[www.naturesbounty.com/vf/healthnotes/HN_Live/Spanish/Es-Supp/Arginine.htm]
[www.naturesbounty.com/vf/healthnotes/HN_Live/Spanish/Es-Supp/Carnitine.htm]
[www.naturesbounty.com/vf/healthnotes/HN_Live/Spanish/Es-Supp/Cysteine.htm]
[www.naturesbounty.com/vf/healthnotes/HN_Live/Spanish/Es-Supp/Phenylalanine.htm]
[www.naturesbounty.com/vf/healthnotes/HN_Live/Spanish/Es-Supp/Glycine.htm]
[www.naturesbounty.com/vf/healthnotes/HN_Live/Spanish/Es-Supp/Glutamine.htm]
[www.naturesbounty.com/vf/healthnotes/HN_Live/Spanish/Es-Supp/Histidine.htm]
[www.naturesbounty.com/vf/healthnotes/HN_Live/Spanish/Es-Supp/Tyrosine.htm]
[www.naturesbounty.com/vf/healthnotes/HN_Live/Spanish/Es-Supp/Methionine.htm]
[www.naturesbounty.com/vf/healthnotes/HN_Live/Spanish/Es-Supp/Taurine.htm]
[www.naturesbounty.com/vf/healthnotes/HN_Live/Spanish/Es-Supp/Androstenedione.htm]
[www.naturesbounty.com/vf/healthnotes/HN_Live/Spanish/Es-Supp/Vitamin_C.htm]
[www.naturesbounty.com/vf/healthnotes/HN_Live/Spanish/Es-Supp/Sulfur.htm]
[www.naturesbounty.com/vf/healthnotes/HN_Live/Spanish/Es-Supp/Beta_Carotene.htm]
[www.naturesbounty.com/vf/healthnotes/HN_Live/Spanish/Es-Supp/Beta_Glucan.htm]
[www.naturesbounty.com/vf/healthnotes/HN_Live/Spanish/Es-Supp/HMB.htm]
[www.naturesbounty.com/vf/healthnotes/HN_Live/Spanish/Es-Supp/Betaine.htm]
[www.naturesbounty.com/vf/healthnotes/HN_Live/Spanish/Es-Supp/Betaine_HCl.htm]
[www.naturesbounty.com/vf/healthnotes/HN_Live/Spanish/Es-Supp/Flavonoids.htm]
[www.naturesbounty.com/vf/healthnotes/HN_Live/Spanish/Es-Supp/Biotin.htm]
[www.naturesbounty.com/vf/healthnotes/HN_Live/Spanish/Es-Supp/Boric_Acid.htm]
[www.naturesbounty.com/vf/healthnotes/HN_Live/Spanish/Es-Supp/Boron.htm]
[www.naturesbounty.com/vf/healthnotes/HN_Live/Spanish/Es-Supp/Bovine_Colostrum.htm]
[www.naturesbounty.com/vf/healthnotes/HN_Live/Spanish/Es-Supp/Brewers_Yeast.htm]
[www.naturesbounty.com/vf/healthnotes/HN_Live/Spanish/Es-Supp/Vitamin_B6.htm]
[www.naturesbounty.com/vf/healthnotes/HN_Live/Spanish/Es-Supp/Vitamin_D.htm]
[www.naturesbounty.com/vf/healthnotes/HN_Live/Spanish/Es-Supp/Calcium.htm]
[www.naturesbounty.com/vf/healthnotes/HN_Live/Spanish/Es-Supp/Calcium_D-Glucarate.htm]
[www.naturesbounty.com/vf/healthnotes/HN_Live/Spanish/Es-Supp/Carnosine.htm]
[www.naturesbounty.com/vf/healthnotes/HN_Live/Spanish/Es-Supp/Carotenes.htm]
[www.naturesbounty.com/vf/healthnotes/HN_Live/Spanish/Es-Supp/Cartilage.htm]
[www.naturesbounty.com/vf/healthnotes/HN_Live/Spanish/Es-Supp/Cetyl_Myristoleate.htm]
[www.naturesbounty.com/vf/healthnotes/HN_Live/Spanish/Es-Supp/Chitosan.htm]
[www.naturesbounty.com/vf/healthnotes/HN_Live/Spanish/Es-Supp/Chlorophyll.htm]
[www.naturesbounty.com/vf/healthnotes/HN_Live/Spanish/Es-Supp/Chondroitin_Sulfate.htm]
[www.naturesbounty.com/vf/healthnotes/HN_Live/Spanish/Es-Supp/Chromium.htm]
[www.naturesbounty.com/vf/healthnotes/HN_Live/Spanish/Es-Supp/Zinc.htm]
[www.naturesbounty.com/vf/healthnotes/HN_Live/Spanish/Es-Supp/CLA.htm]
[www.naturesbounty.com/vf/healthnotes/HN_Live/Spanish/Es-Supp/Copper.htm]
[www.naturesbounty.com/vf/healthnotes/HN_Live/Spanish/Es-Supp/Coenzyme_Q10.htm]
[www.naturesbounty.com/vf/healthnotes/HN_Live/Spanish/Es-Supp/Lecithin.htm]
[www.naturesbounty.com/vf/healthnotes/HN_Live/Spanish/Es-Supp/Colloidal_Silver.htm]
[www.naturesbounty.com/vf/healthnotes/HN_Live/Spanish/Es-Supp/Vitamin_B_Complex.htm]
[www.naturesbounty.com/vf/healthnotes/HN_Live/Spanish/Es-Supp/Glucosamine_Chondroitin.htm]
[www.naturesbounty.com/vf/healthnotes/HN_Live/Spanish/Es-Supp/Creatine_Monohydrate.htm]
[www.naturesbounty.com/vf/healthnotes/HN_Live/Spanish/Es-Supp/DMAE.htm]
[www.naturesbounty.com/vf/healthnotes/HN_Live/Spanish/Es-Supp/DHEA.htm]
[www.naturesbounty.com/vf/healthnotes/HN_Live/Spanish/Es-Supp/DHA.htm]
[www.naturesbounty.com/vf/healthnotes/HN_Live/Spanish/Es-Supp/Enzymes.htm]
[www.naturesbounty.com/vf/healthnotes/HN_Live/Spanish/Es-Supp/MSM.htm]
[www.naturesbounty.com/vf/healthnotes/HN_Live/Spanish/Es-Supp/DMSO.htm]
[www.naturesbounty.com/vf/healthnotes/HN_Live/Spanish/Es-Supp/Lactase.htm]
[www.naturesbounty.com/vf/healthnotes/HN_Live/Spanish/Es-Supp/Lipase.htm]
[www.naturesbounty.com/vf/healthnotes/HN_Live/Spanish/Es-Supp/Strontium.htm]
[www.naturesbounty.com/vf/healthnotes/HN_Live/Spanish/Es-Supp/Grapefruit_Seed_Extract.htm]
[www.naturesbounty.com/vf/healthnotes/HN_Live/Spanish/Es-Supp/Liver_Extracts.htm]
[www.naturesbounty.com/vf/healthnotes/HN_Live/Spanish/Es-Supp/Thyroid_Extracts.htm]
[www.naturesbounty.com/vf/healthnotes/HN_Live/Spanish/Es-Supp/Spleen_Extracts.htm]
[www.naturesbounty.com/vf/healthnotes/HN_Live/Spanish/Es-Supp/Thymus_Extracts.htm]
[www.naturesbounty.com/vf/healthnotes/HN_Live/Spanish/Es-Supp/Fiber.htm]
[www.naturesbounty.com/vf/healthnotes/HN_Live/Spanish/Es-Supp/Vitamin_K.htm]
[www.naturesbounty.com/vf/healthnotes/HN_Live/Spanish/Es-Supp/IP-6.htm]
[www.naturesbounty.com/vf/healthnotes/HN_Live/Spanish/Es-Supp/Folic_Acid.htm]
[www.naturesbounty.com/vf/healthnotes/HN_Live/Spanish/Es-Supp/FOS.htm]
[www.naturesbounty.com/vf/healthnotes/HN_Live/Spanish/Es-Supp/Phosphatidylserine.htm]
[www.naturesbounty.com/vf/healthnotes/HN_Live/Spanish/Es-Supp/Fumaric_Acid.htm]
[www.naturesbounty.com/vf/healthnotes/HN_Live/Spanish/Es-Supp/GABA.htm]
[www.naturesbounty.com/vf/healthnotes/HN_Live/Spanish/Es-Supp/Gamma_Oryzanol.htm]
[www.naturesbounty.com/vf/healthnotes/HN_Live/Spanish/Es-Supp/Glucomannan.htm]
[www.naturesbounty.com/vf/healthnotes/HN_Live/Spanish/Es-Supp/Glucosamine.htm]
[www.naturesbounty.com/vf/healthnotes/HN_Live/Spanish/Es-Supp/Glutathione.htm]
[www.naturesbounty.com/vf/healthnotes/HN_Live/Spanish/Es-Supp/Green_Lipped_Mussel.htm]
[www.naturesbounty.com/vf/healthnotes/HN_Live/Spanish/Es-Supp/Vitamin_B3.htm]
[www.naturesbounty.com/vf/healthnotes/HN_Live/Spanish/Es-Supp/Iron.htm]
[www.naturesbounty.com/vf/healthnotes/HN_Live/Spanish/Es-Supp/Indole_3_Carbinol.htm]
[www.naturesbounty.com/vf/healthnotes/HN_Live/Spanish/Es-Supp/Inosine.htm]
[www.naturesbounty.com/vf/healthnotes/HN_Live/Spanish/Es-Supp/Inositol.htm]
[www.naturesbounty.com/vf/healthnotes/HN_Live/Spanish/Es-Supp/Iodine.htm]
[www.naturesbounty.com/vf/healthnotes/HN_Live/Spanish/Es-Supp/Ipriflavone.htm]
[www.naturesbounty.com/vf/healthnotes/HN_Live/Spanish/Es-Supp/Royal_Jelly.htm]
[www.naturesbounty.com/vf/healthnotes/HN_Live/Spanish/Es-Supp/Lycopene.htm]
[www.naturesbounty.com/vf/healthnotes/HN_Live/Spanish/Es-Supp/Lysine.htm]
[www.naturesbounty.com/vf/healthnotes/HN_Live/Spanish/Es-Supp/Lutein.htm]
[www.naturesbounty.com/vf/healthnotes/HN_Live/Spanish/Es-Supp/Magnesium.htm]
[www.naturesbounty.com/vf/healthnotes/HN_Live/Spanish/Es-Supp/Malic_Acid.htm]
[www.naturesbounty.com/vf/healthnotes/HN_Live/Spanish/Es-Supp/Manganese.htm]
[www.naturesbounty.com/vf/healthnotes/HN_Live/Spanish/Es-Supp/Medium_Chain_Triglycerides.htm]
[www.naturesbounty.com/vf/healthnotes/HN_Live/Spanish/Es-Supp/Melatonin.htm]
[www.naturesbounty.com/vf/healthnotes/HN_Live/Spanish/Es-Supp/Molybdenum.htm]
[www.naturesbounty.com/vf/healthnotes/HN_Live/Spanish/Es-Supp/N_Acetyl_Glucosamine.htm]
[www.naturesbounty.com/vf/healthnotes/HN_Live/Spanish/Es-Supp/NADH.htm]
[www.naturesbounty.com/vf/healthnotes/HN_Live/Spanish/Es-Supp/OKG.htm]
[www.naturesbounty.com/vf/healthnotes/HN_Live/Spanish/Es-Supp/PABA.htm]
[www.naturesbounty.com/vf/healthnotes/HN_Live/Spanish/Es-Supp/Vitamin_B5.htm]
[www.naturesbounty.com/vf/healthnotes/HN_Live/Spanish/Es-Supp/Pyruvate.htm]
[www.naturesbounty.com/vf/healthnotes/HN_Live/Spanish/Es-Supp/Potassium.htm]
[www.naturesbounty.com/vf/healthnotes/HN_Live/Spanish/Es-Supp/Pregnenolone.htm]
[www.naturesbounty.com/vf/healthnotes/HN_Live/Spanish/Es-Supp/Progesterone.htm]
[www.naturesbounty.com/vf/healthnotes/HN_Live/Spanish/Es-Supp/Whey_Protein.htm]
[www.naturesbounty.com/vf/healthnotes/HN_Live/Spanish/Es-Supp/Quercetin.htm]
[www.naturesbounty.com/vf/healthnotes/HN_Live/Spanish/Es-Supp/Resveratrol.htm]
[www.naturesbounty.com/vf/healthnotes/HN_Live/Spanish/Es-Supp/Vitamin_A.htm]
[www.naturesbounty.com/vf/healthnotes/HN_Live/Spanish/Es-Supp/Vitamin_B2.htm]
[www.naturesbounty.com/vf/healthnotes/HN_Live/Spanish/Es-Supp/7-KETO.htm]
[www.naturesbounty.com/vf/healthnotes/HN_Live/Spanish/Es-Supp/SAMe.htm]
[www.naturesbounty.com/vf/healthnotes/HN_Live/Spanish/Es-Supp/Selenium.htm]
[www.naturesbounty.com/vf/healthnotes/HN_Live/Spanish/Es-Supp/Silicon.htm]
[www.naturesbounty.com/vf/healthnotes/HN_Live/Spanish/Es-Supp/Sulforaphane.htm]
[www.naturesbounty.com/vf/healthnotes/HN_Live/Spanish/Es-Supp/Vitamin_B1.htm]
[www.naturesbounty.com/vf/healthnotes/HN_Live/Spanish/Es-Supp/Tocotrienols.htm]
[www.naturesbounty.com/vf/healthnotes/HN_Live/Spanish/Es-Supp/Vanadium.htm]
[www.naturesbounty.com/vf/healthnotes/HN_Live/Spanish/Styles/hnqrHtml.css]
[www.naturesbounty.com/vf/healthnotes/HN_Live/Spanish/Es-Concern/Pap_Smear.ref.htm]
[www.naturesbounty.com/vf/healthnotes/HN_Live/Spanish/Info/About.htm]
[www.naturesbounty.com/vf/healthnotes/HN_Live/Spanish/Info/About_Authors.htm]
[www.naturesbounty.com/vf/healthnotes/HN_Live/Spanish/Es-Concern/Prostatitis.ref.htm]
[www.naturesbounty.com/vf/healthnotes/HN_Live/Spanish/Es-Concern/Stroke.ref.htm]
[www.naturesbounty.com/vf/healthnotes/HN_Live/Spanish/Es-Concern/Indigestion.ref.htm]
[www.naturesbounty.com/vf/healthnotes/HN_Live/Spanish/Es-Concern/Acne_Vulgaris.ref.htm]
[www.naturesbounty.com/vf/healthnotes/HN_Live/Spanish/Es-Herb/Peppermint.jpg]
[www.naturesbounty.com/vf/healthnotes/HN_Live/Spanish/Es-Concern/Acne_Rosacea.ref.htm]
[www.naturesbounty.com/vf/healthnotes/HN_Live/Spanish/Es-Supp/Evening_Primrose_Oil.jpg]
[www.naturesbounty.com/vf/healthnotes/HN_Live/Spanish/Es-Concern/Athletic_Performance.ref.htm]
[www.naturesbounty.com/vf/healthnotes/HN_Live/Spanish/Es-Concern/Acrodermatitis.ref.htm]
[www.naturesbounty.com/vf/healthnotes/HN_Live/Spanish/Es-Concern/Edema.ref.htm]
[www.naturesbounty.com/vf/healthnotes/HN_Live/Spanish/Es-Herb/Tea_Tree.jpg]
[www.naturesbounty.com/vf/healthnotes/HN_Live/Spanish/Es-Herb/Vitex.jpg]
[www.naturesbounty.com/vf/healthnotes/HN_Live/Spanish/Es-Concern/ADD.ref.htm]
[www.naturesbounty.com/vf/healthnotes/HN_Live/Spanish/Es-Concern/BPH.ref.htm]
[www.naturesbounty.com/vf/healthnotes/HN_Live/Spanish/Es-Concern/Canker_Sores.ref.htm]
[www.naturesbounty.com/vf/healthnotes/HN_Live/Spanish/Es-Herb/Barberry.jpg]
[www.naturesbounty.com/vf/healthnotes/HN_Live/Spanish/Es-Concern/ARCD.ref.htm]
[www.naturesbounty.com/vf/healthnotes/HN_Live/Spanish/Es-Concern/Alcohol.ref.htm]
[www.naturesbounty.com/vf/healthnotes/HN_Live/Spanish/Es-Herb/Motherwort.jpg]
[www.naturesbounty.com/vf/healthnotes/HN_Live/Spanish/Es-Concern/Hayfever.ref.htm]
[www.naturesbounty.com/vf/healthnotes/HN_Live/Spanish/Es-Concern/Allergies.ref.htm]
[www.naturesbounty.com/vf/healthnotes/HN_Live/Spanish/Es-Herb/Uva_Ursi.jpg]
[www.naturesbounty.com/vf/healthnotes/HN_Live/Spanish/Es-Concern/Hemorrhoids.ref.htm]
[www.naturesbounty.com/vf/healthnotes/HN_Live/Spanish/Es-Concern/Alzheimers.ref.htm]
[www.naturesbounty.com/vf/healthnotes/HN_Live/Spanish/Es-Herb/Pumpkin.jpg]
[www.naturesbounty.com/vf/healthnotes/HN_Live/Spanish/Es-Concern/Amenorrhea.ref.htm]
[www.naturesbounty.com/vf/healthnotes/HN_Live/Spanish/Es-Concern/Birth_Defects.ref.htm]
[www.naturesbounty.com/vf/healthnotes/HN_Live/Spanish/Es-Herb/Wormwood.jpg]
[www.naturesbounty.com/vf/healthnotes/HN_Live/Spanish/Es-Concern/Sickle_Cell_Anemia.ref.htm]
[www.naturesbounty.com/vf/healthnotes/HN_Live/Spanish/Es-Concern/Iron_Deficiency.ref.htm]
[www.naturesbounty.com/vf/healthnotes/HN_Live/Spanish/Es-Concern/Vitamin_B12_Deficiency.ref.htm]
[www.naturesbounty.com/vf/healthnotes/HN_Live/Spanish/Es-Herb/Sweet_Annie.jpg]
[www.naturesbounty.com/vf/healthnotes/HN_Live/Spanish/Es-Concern/Peripheral_Vascular_Disease.ref.htm]
[www.naturesbounty.com/vf/healthnotes/HN_Live/Spanish/Es-Herb/Cayenne.jpg]
[www.naturesbounty.com/vf/healthnotes/HN_Live/Spanish/Es-Concern/Angina.ref.htm]
[www.naturesbounty.com/vf/healthnotes/HN_Live/Spanish/Es-Concern/Eating_Disorders.ref.htm]
[www.naturesbounty.com/vf/healthnotes/HN_Live/Spanish/Es-Concern/Anxiety.ref.htm]
[www.naturesbounty.com/vf/healthnotes/HN_Live/Spanish/Es-Concern/Osgood-Schlatter.ref.htm]
[www.naturesbounty.com/vf/healthnotes/HN_Live/Spanish/Es-Herb/Garlic.jpg]
[www.naturesbounty.com/vf/healthnotes/HN_Live/Spanish/Es-Concern/Rheumatoid_Arthritis.ref.htm]
[www.naturesbounty.com/vf/healthnotes/HN_Live/Spanish/Es-Concern/Cardiac_Arrhythmia.ref.htm]
[www.naturesbounty.com/vf/healthnotes/HN_Live/Spanish/Es-Herb/Ginkgo_Biloba.jpg]
[www.naturesbounty.com/vf/healthnotes/HN_Live/Spanish/Es-Concern/Atherosclerosis.ref.htm]
[www.naturesbounty.com/vf/healthnotes/HN_Live/Spanish/Es-Concern/Gout.ref.htm]
[www.naturesbounty.com/vf/healthnotes/HN_Live/Spanish/Es-Herb/Artichoke.jpg]
[www.naturesbounty.com/vf/healthnotes/HN_Live/Spanish/Es-Concern/Osteoarthritis.ref.htm]
[www.naturesbounty.com/vf/healthnotes/HN_Live/Spanish/Es-Herb/Yarrow.jpg]
[www.naturesbounty.com/vf/healthnotes/HN_Live/Spanish/Es-Concern/Pregnancy.ref.htm]
[www.naturesbounty.com/vf/healthnotes/HN_Live/Spanish/Es-Herb/Caraway.jpg]
[www.naturesbounty.com/vf/healthnotes/HN_Live/Spanish/Es-Concern/HIV_Support.ref.htm]
[www.naturesbounty.com/vf/healthnotes/HN_Live/Spanish/Es-Herb/Alfalfa.jpg]
[www.naturesbounty.com/vf/healthnotes/HN_Live/Spanish/Es-Concern/Asthma.ref.htm]
[www.naturesbounty.com/vf/healthnotes/HN_Live/Spanish/Es-Concern/Heart_Attack.ref.htm]
[www.naturesbounty.com/vf/healthnotes/HN_Live/Spanish/Es-Concern/Athletes_Foot.ref.htm]
[www.naturesbounty.com/vf/healthnotes/HN_Live/Spanish/Es-Herb/Carob.jpg]
[www.naturesbounty.com/vf/healthnotes/HN_Live/Spanish/Es-Concern/Autism.ref.htm]
[www.naturesbounty.com/vf/healthnotes/HN_Live/Spanish/Es-Concern/Bells_Palsy.ref.htm]
[www.naturesbounty.com/vf/healthnotes/HN_Live/Spanish/Es-Herb/Fenugreek.jpg]
[www.naturesbounty.com/vf/healthnotes/HN_Live/Spanish/Es-Concern/Bipolar_Disorder.ref.htm]
[www.naturesbounty.com/vf/healthnotes/HN_Live/Spanish/Es-Concern/Conjunctivitis.ref.htm]
[www.naturesbounty.com/vf/healthnotes/HN_Live/Spanish/Es-Herb/Ligustrum.jpg]
[www.naturesbounty.com/vf/healthnotes/HN_Live/Spanish/Es-Concern/Cancer_Breast.ref.htm]
[www.naturesbounty.com/vf/healthnotes/HN_Live/Spanish/Es-Concern/Brittle_Nails.ref.htm]
[www.naturesbounty.com/vf/healthnotes/HN_Live/Spanish/Es-Herb/Aloe.jpg]
[www.naturesbounty.com/vf/healthnotes/HN_Live/Spanish/Es-Concern/Bronchitis.ref.htm]
[www.naturesbounty.com/vf/healthnotes/HN_Live/Spanish/Es-Herb/Marshmallow.jpg]
[www.naturesbounty.com/vf/healthnotes/HN_Live/Spanish/Es-Concern/Bruising.ref.htm]
[www.naturesbounty.com/vf/healthnotes/HN_Live/Spanish/Es-Concern/Burns.ref.htm]
[www.naturesbounty.com/vf/healthnotes/HN_Live/Spanish/Es-Herb/Ginseng_American.jpg]
[www.naturesbounty.com/vf/healthnotes/HN_Live/Spanish/Es-Concern/Bursitis.ref.htm]
[www.naturesbounty.com/vf/healthnotes/HN_Live/Spanish/Es-Concern/Gallstones.ref.htm]
[www.naturesbounty.com/vf/healthnotes/HN_Live/Spanish/Es-Concern/Kidney_Stones.ref.htm]
[www.naturesbounty.com/vf/healthnotes/HN_Live/Spanish/Es-Herb/Scullcap_American.jpg]
[www.naturesbounty.com/vf/healthnotes/HN_Live/Spanish/Es-Herb/Cleavers.jpg]
[www.naturesbounty.com/vf/healthnotes/HN_Live/Spanish/Es-Concern/Cancer_Colon.ref.htm]
[www.naturesbounty.com/vf/healthnotes/HN_Live/Spanish/Es-Concern/Cancer_Prostate.ref.htm]
[www.naturesbounty.com/vf/healthnotes/HN_Live/Spanish/Es-Concern/Cancer_Lung.ref.htm]
[www.naturesbounty.com/vf/healthnotes/HN_Live/Spanish/Es-Herb/Dong_Quai.jpg]
[www.naturesbounty.com/vf/healthnotes/HN_Live/Spanish/Es-Concern/Cancer_Diet.ref.htm]
[www.naturesbounty.com/vf/healthnotes/HN_Live/Spanish/Es-Concern/Chronic_Candidiasis.ref.htm]
[www.naturesbounty.com/vf/healthnotes/HN_Live/Spanish/Es-Herb/Blueberry.jpg]
[www.naturesbounty.com/vf/healthnotes/HN_Live/Spanish/Es-Concern/Yeast_Infection.ref.htm]
[www.naturesbounty.com/vf/healthnotes/HN_Live/Spanish/Es-Concern/Capillary_Fragility.ref.htm]
[www.naturesbounty.com/vf/healthnotes/HN_Live/Spanish/Es-Concern/Cardiomyopathy.ref.htm]
[www.naturesbounty.com/vf/healthnotes/HN_Live/Spanish/Es-Herb/Bilberry.jpg]
[www.naturesbounty.com/vf/healthnotes/HN_Live/Spanish/Es-Concern/Cardiovascular_Disease.ref.htm]
[www.naturesbounty.com/vf/healthnotes/HN_Live/Spanish/Es-Concern/Carpal_Tunnel.ref.htm]
[www.naturesbounty.com/vf/healthnotes/HN_Live/Spanish/Es-Herb/Cranberry.jpg]
[www.naturesbounty.com/vf/healthnotes/HN_Live/Spanish/Es-Concern/Cataracts.ref.htm]
[www.naturesbounty.com/vf/healthnotes/HN_Live/Spanish/Es-Concern/Cluster_Headache.ref.htm]
[www.naturesbounty.com/vf/healthnotes/HN_Live/Spanish/Es-Concern/Tension_Headache.ref.htm]
[www.naturesbounty.com/vf/healthnotes/HN_Live/Spanish/Es-Concern/Night_Blindness.ref.htm]
[www.naturesbounty.com/vf/healthnotes/HN_Live/Spanish/Es-Concern/Celiac_Disease.ref.htm]
[www.naturesbounty.com/vf/healthnotes/HN_Live/Spanish/Es-Herb/Ashwagandha.jpg]
[www.naturesbounty.com/vf/healthnotes/HN_Live/Spanish/Es-Herb/Ginseng_Asian.jpg]
[www.naturesbounty.com/vf/healthnotes/HN_Live/Spanish/Es-Concern/Cystic_Fibrosis.ref.htm]
[www.naturesbounty.com/vf/healthnotes/HN_Live/Spanish/Es-Concern/Chronic_Fatigue_Syndrome.ref.htm]
[www.naturesbounty.com/vf/healthnotes/HN_Live/Spanish/Es-Herb/Astragalus.jpg]
[www.naturesbounty.com/vf/healthnotes/HN_Live/Spanish/Es-Concern/Congestive_Heart.ref.htm]
[www.naturesbounty.com/vf/healthnotes/HN_Live/Spanish/Es-Concern/COPD.ref.htm]
[www.naturesbounty.com/vf/healthnotes/HN_Live/Spanish/Es-Herb/Oats.jpg]
[www.naturesbounty.com/vf/healthnotes/HN_Live/Spanish/Es-Concern/Chronic_Venous.ref.htm]
[www.naturesbounty.com/vf/healthnotes/HN_Live/Spanish/Es-Herb/Turmeric.jpg]
[www.naturesbounty.com/vf/healthnotes/HN_Live/Spanish/Es-Concern/Low_Back_Pain.ref.htm]
[www.naturesbounty.com/vf/healthnotes/HN_Live/Spanish/Es-Concern/Wound_Healing.ref.htm]
[www.naturesbounty.com/vf/healthnotes/HN_Live/Spanish/Es-Herb/Lemon_Balm.jpg]
[www.naturesbounty.com/vf/healthnotes/HN_Live/Spanish/Es-Concern/Liver_Cirrhosis.ref.htm]
[www.naturesbounty.com/vf/healthnotes/HN_Live/Spanish/Es-Concern/UTI.ref.htm]
[www.naturesbounty.com/vf/healthnotes/HN_Live/Spanish/Es-Herb/Usnea.jpg]
[www.naturesbounty.com/vf/healthnotes/HN_Live/Spanish/Es-Concern/Intermittent_Claudication.ref.htm]
[www.naturesbounty.com/vf/healthnotes/HN_Live/Spanish/Es-Concern/Cold_Sores.ref.htm]
[www.naturesbounty.com/vf/healthnotes/HN_Live/Spanish/Es-Concern/High_Cholesterol.ref.htm]
[www.naturesbounty.com/vf/healthnotes/HN_Live/Spanish/Es-Herb/Burdock.jpg]
[www.naturesbounty.com/vf/healthnotes/HN_Live/Spanish/Es-Herb/Elderberry.jpg]
[www.naturesbounty.com/vf/healthnotes/HN_Live/Spanish/Es-Concern/Colic.ref.htm]
[www.naturesbounty.com/vf/healthnotes/HN_Live/Spanish/Es-Concern/Dysmenorrhea.ref.htm]
[www.naturesbounty.com/vf/healthnotes/HN_Live/Spanish/Es-Concern/Irritable_Bowel.ref.htm]
[www.naturesbounty.com/vf/healthnotes/HN_Live/Spanish/Es-Herb/Bitter_Melon.jpg]
[www.naturesbounty.com/vf/healthnotes/HN_Live/Spanish/Es-Concern/Ulcerative_Colitis.ref.htm]
[www.naturesbounty.com/vf/healthnotes/HN_Live/Spanish/Es-Concern/Common_Cold.ref.htm]
[www.naturesbounty.com/vf/healthnotes/HN_Live/Spanish/Es-Herb/Black_Cohosh.jpg]
[www.naturesbounty.com/vf/healthnotes/HN_Live/Spanish/Es-Herb/Blackberry.jpg]
[www.naturesbounty.com/vf/healthnotes/HN_Live/Spanish/Es-Concern/Warts.ref.htm]
[www.naturesbounty.com/vf/healthnotes/HN_Live/Spanish/Es-Herb/Blessed_Thistle.jpg]
[www.naturesbounty.com/vf/healthnotes/HN_Live/Spanish/Es-Concern/Sinus_Congestion.ref.htm]
[www.naturesbounty.com/vf/healthnotes/HN_Live/Spanish/Es-Concern/Constipation.ref.htm]
[www.naturesbounty.com/vf/healthnotes/HN_Live/Spanish/Es-Concern/Infertility_Male.ref.htm]
[www.naturesbounty.com/vf/healthnotes/HN_Live/Spanish/Es-Herb/Bloodroot.jpg]
[www.naturesbounty.com/vf/healthnotes/HN_Live/Spanish/Es-Concern/Dupuytrens_Contracture.ref.htm]
[www.naturesbounty.com/vf/healthnotes/HN_Live/Spanish/Es-Concern/Epilepsy.ref.htm]
[www.naturesbounty.com/vf/healthnotes/HN_Live/Spanish/Es-Herb/Blue_Cohosh.jpg]
[www.naturesbounty.com/vf/healthnotes/HN_Live/Spanish/Es-Concern/Mitral_Valve_Prolapse.ref.htm]
[www.naturesbounty.com/vf/healthnotes/HN_Live/Spanish/Es-Herb/Blue_Flag.jpg]
[www.naturesbounty.com/vf/healthnotes/HN_Live/Spanish/Es-Concern/Cough.ref.htm]
[www.naturesbounty.com/vf/healthnotes/HN_Live/Spanish/Es-Concern/Crohns.ref.htm]
[www.naturesbounty.com/vf/healthnotes/HN_Live/Spanish/Es-Concern/Shingles.ref.htm]
[www.naturesbounty.com/vf/healthnotes/HN_Live/Spanish/Es-Herb/Boneset.jpg]
[www.naturesbounty.com/vf/healthnotes/HN_Live/Spanish/Es-Concern/Wilsons_Disease.ref.htm]
[www.naturesbounty.com/vf/healthnotes/HN_Live/Spanish/Es-Herb/Boswellia.jpg]
[www.naturesbounty.com/vf/healthnotes/HN_Live/Spanish/Es-Concern/Macular_Degeneration.ref.htm]
[www.naturesbounty.com/vf/healthnotes/HN_Live/Spanish/Es-Concern/Lupus.ref.htm]
[www.naturesbounty.com/vf/healthnotes/HN_Live/Spanish/Es-Concern/Diarrhea.ref.htm]
[www.naturesbounty.com/vf/healthnotes/HN_Live/Spanish/Es-Concern/Depression.ref.htm]
[www.naturesbounty.com/vf/healthnotes/HN_Live/Spanish/Es-Herb/Buchu.jpg]
[www.naturesbounty.com/vf/healthnotes/HN_Live/Spanish/Es-Concern/Seasonal_Affective_Disorder.ref.htm]
[www.naturesbounty.com/vf/healthnotes/HN_Live/Spanish/Es-Herb/Bugleweed.jpg]
[www.naturesbounty.com/vf/healthnotes/HN_Live/Spanish/Es-Concern/PMS.ref.htm]
[www.naturesbounty.com/vf/healthnotes/HN_Live/Spanish/Es-Concern/Eczema.ref.htm]
[www.naturesbounty.com/vf/healthnotes/HN_Live/Spanish/Es-Concern/Dermatitis_Herpetiformis.ref.htm]
[www.naturesbounty.com/vf/healthnotes/HN_Live/Spanish/Es-Concern/Seborrheic_Dermatitis.ref.htm]
[www.naturesbounty.com/vf/healthnotes/HN_Live/Spanish/Es-Concern/Diabetes.ref.htm]
[www.naturesbounty.com/vf/healthnotes/HN_Live/Spanish/Es-Herb/Bupleurum.jpg]
[www.naturesbounty.com/vf/healthnotes/HN_Live/Spanish/Es-Concern/Insomnia.ref.htm]
[www.naturesbounty.com/vf/healthnotes/HN_Live/Spanish/Es-Concern/Tardive_Dyskinesia.ref.htm]
[www.naturesbounty.com/vf/healthnotes/HN_Live/Spanish/Es-Concern/Erectile_Dysfunction.ref.htm]
[www.naturesbounty.com/vf/healthnotes/HN_Live/Spanish/Es-Herb/Butchers_Broom.jpg]
[www.naturesbounty.com/vf/healthnotes/HN_Live/Spanish/Es-Concern/Sprains_Strains.ref.htm]
[www.naturesbounty.com/vf/healthnotes/HN_Live/Spanish/Es-Herb/Calendula.jpg]
[www.naturesbounty.com/vf/healthnotes/HN_Live/Spanish/Es-Concern/Diverticular_Disease.ref.htm]
[www.naturesbounty.com/vf/healthnotes/HN_Live/Spanish/Es-Herb/Cinnamon.jpg]
[www.naturesbounty.com/vf/healthnotes/HN_Live/Spanish/Es-Concern/Pain.ref.htm]
[www.naturesbounty.com/vf/healthnotes/HN_Live/Spanish/Es-Concern/Endometriosis.ref.htm]
[www.naturesbounty.com/vf/healthnotes/HN_Live/Spanish/Es-Herb/Chickweed.jpg]
[www.naturesbounty.com/vf/healthnotes/HN_Live/Spanish/Es-Concern/Hypertension.ref.htm]
[www.naturesbounty.com/vf/healthnotes/HN_Live/Spanish/Es-Concern/High_Triglycerides.ref.htm]
[www.naturesbounty.com/vf/healthnotes/HN_Live/Spanish/Es-Concern/Phenylketonuria.ref.htm]
[www.naturesbounty.com/vf/healthnotes/HN_Live/Spanish/Es-Herb/Wild_Cherry.jpg]
[www.naturesbounty.com/vf/healthnotes/HN_Live/Spanish/Es-Concern/Gingivitis.ref.htm]
[www.naturesbounty.com/vf/healthnotes/HN_Live/Spanish/Es-Herb/Milk_Thistle.jpg]
[www.naturesbounty.com/vf/healthnotes/HN_Live/Spanish/Es-Concern/Menieres_Disease.ref.htm]
[www.naturesbounty.com/vf/healthnotes/HN_Live/Spanish/Es-Concern/Menkes_Disease.ref.htm]
[www.naturesbounty.com/vf/healthnotes/HN_Live/Spanish/Es-Herb/Horsetail.jpg]
[www.naturesbounty.com/vf/healthnotes/HN_Live/Spanish/Es-Concern/Parkinsons_Disease.ref.htm]
[www.naturesbounty.com/vf/healthnotes/HN_Live/Spanish/Es-Concern/Raynauds_Disease.ref.htm]
[www.naturesbounty.com/vf/healthnotes/HN_Live/Spanish/Es-Concern/GERD.ref.htm]
[www.naturesbounty.com/vf/healthnotes/HN_Live/Spanish/Es-Herb/Cascara.jpg]
[www.naturesbounty.com/vf/healthnotes/HN_Live/Spanish/Es-Concern/Peptic_Ulcer.ref.htm]
[www.naturesbounty.com/vf/healthnotes/HN_Live/Spanish/Es-Concern/Multiple_Sclerosis.ref.htm]
[www.naturesbounty.com/vf/healthnotes/HN_Live/Spanish/Es-Concern/Schizophrenia.ref.htm]
[www.naturesbounty.com/vf/healthnotes/HN_Live/Spanish/Es-Herb/Psyllium.jpg]
[www.naturesbounty.com/vf/healthnotes/HN_Live/Spanish/Es-Concern/Infertility_Female.ref.htm]
[www.naturesbounty.com/vf/healthnotes/HN_Live/Spanish/Es-Herb/Horse_Chestnut.jpg]
[www.naturesbounty.com/vf/healthnotes/HN_Live/Spanish/Es-Concern/Fibrocystic_Breast.ref.htm]
[www.naturesbounty.com/vf/healthnotes/HN_Live/Spanish/Es-Concern/Fibromyalgia.ref.htm]
[www.naturesbounty.com/vf/healthnotes/HN_Live/Spanish/Es-Herb/Catnip.jpg]
[www.naturesbounty.com/vf/healthnotes/HN_Live/Spanish/Es-Concern/Photosensitivity.ref.htm]
[www.naturesbounty.com/vf/healthnotes/HN_Live/Spanish/Es-Herb/Cats_Claw.jpg]
[www.naturesbounty.com/vf/healthnotes/HN_Live/Spanish/Es-Concern/Immune_Function.ref.htm]
[www.naturesbounty.com/vf/healthnotes/HN_Live/Spanish/Es-Herb/Juniper.jpg]
[www.naturesbounty.com/vf/healthnotes/HN_Live/Spanish/Es-Concern/Pancreatic_Insufficiency.ref.htm]
[www.naturesbounty.com/vf/healthnotes/HN_Live/Spanish/Es-Concern/Gastritis.ref.htm]
[www.naturesbounty.com/vf/healthnotes/HN_Live/Spanish/Es-Concern/Genital_Herpes.ref.htm]
[www.naturesbounty.com/vf/healthnotes/HN_Live/Spanish/Es-Concern/Gestational_Hypertension.ref.htm]
[www.naturesbounty.com/vf/healthnotes/HN_Live/Spanish/Es-Herb/Greater_Celandine.jpg]
[www.naturesbounty.com/vf/healthnotes/HN_Live/Spanish/Es-Concern/Parasites.ref.htm]
[www.naturesbounty.com/vf/healthnotes/HN_Live/Spanish/Es-Herb/Chamomile.jpg]
[www.naturesbounty.com/vf/healthnotes/HN_Live/Spanish/Es-Concern/Glaucoma.ref.htm]
[www.naturesbounty.com/vf/healthnotes/HN_Live/Spanish/Es-Herb/Phyllanthus.jpg]
[www.naturesbounty.com/vf/healthnotes/HN_Live/Spanish/Es-Concern/Hypoglycemia.ref.htm]
[www.naturesbounty.com/vf/healthnotes/HN_Live/Spanish/Es-Concern/Influenza.ref.htm]
[www.naturesbounty.com/vf/healthnotes/HN_Live/Spanish/Es-Concern/Hepatitis.ref.htm]
[www.naturesbounty.com/vf/healthnotes/HN_Live/Spanish/Es-Herb/Chaparral.jpg]
[www.naturesbounty.com/vf/healthnotes/HN_Live/Spanish/Es-Concern/High_Homocysteine.ref.htm]
[www.naturesbounty.com/vf/healthnotes/HN_Live/Spanish/Es-Concern/Morning_Sickness.ref.htm]
[www.naturesbounty.com/vf/healthnotes/HN_Live/Spanish/Es-Concern/MSG_Sensitivity.ref.htm]
[www.naturesbounty.com/vf/healthnotes/HN_Live/Spanish/Es-Herb/Scullcap_Chinese.jpg]
[www.naturesbounty.com/vf/healthnotes/HN_Live/Spanish/Es-Concern/Preeclampsia.ref.htm]
[www.naturesbounty.com/vf/healthnotes/HN_Live/Spanish/Es-Herb/Schisandra.jpg]
[www.naturesbounty.com/vf/healthnotes/HN_Live/Spanish/Es-Concern/Hypothyroidism.ref.htm]
[www.naturesbounty.com/vf/healthnotes/HN_Live/Spanish/Es-Concern/Hives.ref.htm]
[www.naturesbounty.com/vf/healthnotes/HN_Live/Spanish/Es-Concern/Osteoporosis.ref.htm]
[www.naturesbounty.com/vf/healthnotes/HN_Live/Spanish/Es-Concern/Infection.ref.htm]
[www.naturesbounty.com/vf/healthnotes/HN_Live/Spanish/Es-Herb/Coleus.jpg]
[www.naturesbounty.com/vf/healthnotes/HN_Live/Spanish/Es-Concern/Sinusitis.ref.htm]
[www.naturesbounty.com/vf/healthnotes/HN_Live/Spanish/Es-Concern/Ear_Infections.ref.htm]
[www.naturesbounty.com/vf/healthnotes/HN_Live/Spanish/Es-Herb/Coltsfoot.jpg]
[www.naturesbounty.com/vf/healthnotes/HN_Live/Spanish/Es-Concern/Vaginitis.ref.htm]
[www.naturesbounty.com/vf/healthnotes/HN_Live/Spanish/Es-Herb/Comfrey.jpg]
[www.naturesbounty.com/vf/healthnotes/HN_Live/Spanish/Es-Concern/Insulin_Resistance_Syndrome.ref.htm]
[www.naturesbounty.com/vf/healthnotes/HN_Live/Spanish/Es-Herb/Eyebright.jpg]
[www.naturesbounty.com/vf/healthnotes/HN_Live/Spanish/Es-Concern/Lactose_Intolerance.ref.htm]
[www.naturesbounty.com/vf/healthnotes/HN_Live/Spanish/Es-Herb/Corydalis.jpg]
[www.naturesbounty.com/vf/healthnotes/HN_Live/Spanish/Es-Concern/Migraine.ref.htm]
[www.naturesbounty.com/vf/healthnotes/HN_Live/Spanish/Es-Concern/Jet_Lag.ref.htm]
[www.naturesbounty.com/vf/healthnotes/HN_Live/Spanish/Es-Herb/Damiana.jpg]
[www.naturesbounty.com/vf/healthnotes/HN_Live/Spanish/Es-Concern/Leukoplakia.ref.htm]
[www.naturesbounty.com/vf/healthnotes/HN_Live/Spanish/Es-Concern/Motion_Sickness.ref.htm]
[www.naturesbounty.com/vf/healthnotes/HN_Live/Spanish/Es-Concern/Menopause.ref.htm]
[www.naturesbounty.com/vf/healthnotes/HN_Live/Spanish/Es-Herb/Dandelion.jpg]
[www.naturesbounty.com/vf/healthnotes/HN_Live/Spanish/Es-Concern/Menorrhagia.ref.htm]
[www.naturesbounty.com/vf/healthnotes/HN_Live/Spanish/Es-Concern/Retinopathy.ref.htm]
[www.naturesbounty.com/vf/healthnotes/HN_Live/Spanish/Es-Concern/Weight_Loss.ref.htm]
[www.naturesbounty.com/vf/healthnotes/HN_Live/Spanish/Es-Herb/Devils_Claw.jpg]
[www.naturesbounty.com/vf/healthnotes/HN_Live/Spanish/Es-Concern/Vitiligo.ref.htm]
[www.naturesbounty.com/vf/healthnotes/HN_Live/Spanish/Es-Herb/Cranesbill.jpg]
[www.naturesbounty.com/vf/healthnotes/HN_Live/Spanish/Es-Concern/Psoriasis.ref.htm]
[www.naturesbounty.com/vf/healthnotes/HN_Live/Spanish/Es-Concern/Rickets.ref.htm]
[www.naturesbounty.com/vf/healthnotes/HN_Live/Spanish/Es-Herb/Echinacea.jpg]
[www.naturesbounty.com/vf/healthnotes/HN_Live/Spanish/Es-Concern/Restless_Legs_Syndrome.ref.htm]
[www.naturesbounty.com/vf/healthnotes/HN_Live/Spanish/Es-Concern/Yellow_Nail_Syndrome.ref.htm]
[www.naturesbounty.com/vf/healthnotes/HN_Live/Spanish/Es-Concern/Tendinitis.ref.htm]
[www.naturesbounty.com/vf/healthnotes/HN_Live/Spanish/Es-Herb/Ephedra.jpg]
[www.naturesbounty.com/vf/healthnotes/HN_Live/Spanish/Es-Concern/Tinnitus.ref.htm]
[www.naturesbounty.com/vf/healthnotes/HN_Live/Spanish/Es-Concern/Varicose_Veins.ref.htm]
[www.naturesbounty.com/vf/healthnotes/HN_Live/Spanish/Es-Herb/Elecampane.jpg]
[www.naturesbounty.com/vf/healthnotes/HN_Live/Spanish/Es-Concern/Vertigo.ref.htm]
[www.naturesbounty.com/vf/healthnotes/HN_Live/Spanish/Es-Herb/Eleuthero.jpg]
[www.naturesbounty.com/vf/healthnotes/HN_Live/Spanish/Es-Herb_Drugix/Peppermint.htm]
[www.naturesbounty.com/vf/healthnotes/HN_Live/Spanish/Es-Herb/Peppermint.ref.htm]
[www.naturesbounty.com/vf/healthnotes/HN_Live/Spanish/Es-Supp_Drugix/Evening_Primrose_Oil.htm]
[www.naturesbounty.com/vf/healthnotes/HN_Live/Spanish/Es-Herb/Hawthorn.jpg]
[www.naturesbounty.com/vf/healthnotes/HN_Live/Spanish/Es-Supp/Evening_Primrose_Oil.ref.htm]
[www.naturesbounty.com/vf/healthnotes/HN_Live/Spanish/Es-Herb/Tea_Tree.ref.htm]
[www.naturesbounty.com/vf/healthnotes/HN_Live/Spanish/Es-Herb/Vitex.ref.htm]
[www.naturesbounty.com/vf/healthnotes/HN_Live/Spanish/Es-Herb_Drugix/Barberry.htm]
[www.naturesbounty.com/vf/healthnotes/HN_Live/Spanish/Es-Herb/Eucalyptus.jpg]
[www.naturesbounty.com/vf/healthnotes/HN_Live/Spanish/Es-Herb/Yellow_Dock.jpg]
[www.naturesbounty.com/vf/healthnotes/HN_Live/Spanish/Es-Herb/Barberry.ref.htm]
[www.naturesbounty.com/vf/healthnotes/HN_Live/Spanish/Es-Herb/Motherwort.ref.htm]
[www.naturesbounty.com/vf/healthnotes/HN_Live/Spanish/Es-Herb/False_Unicorn.jpg]
[www.naturesbounty.com/vf/healthnotes/HN_Live/Spanish/Es-Herb/Fennel.jpg]
[www.naturesbounty.com/vf/healthnotes/HN_Live/Spanish/Es-Herb_Drugix/Uva_Ursi.htm]
[www.naturesbounty.com/vf/healthnotes/HN_Live/Spanish/Es-Herb/Uva_Ursi.ref.htm]
[www.naturesbounty.com/vf/healthnotes/HN_Live/Spanish/Es-Herb/Pumpkin.ref.htm]
[www.naturesbounty.com/vf/healthnotes/HN_Live/Spanish/Es-Herb/Wormwood.ref.htm]
[www.naturesbounty.com/vf/healthnotes/HN_Live/Spanish/Es-Herb/Feverfew.jpg]
[www.naturesbounty.com/vf/healthnotes/HN_Live/Spanish/Es-Herb/Pau_Darco.jpg]
[www.naturesbounty.com/vf/healthnotes/HN_Live/Spanish/Es-Herb/Sweet_Annie.ref.htm]
[www.naturesbounty.com/vf/healthnotes/HN_Live/Spanish/Es-Herb_Drugix/Cayenne.htm]
[www.naturesbounty.com/vf/healthnotes/HN_Live/Spanish/Es-Herb/Linden.jpg]
[www.naturesbounty.com/vf/healthnotes/HN_Live/Spanish/Es-Herb/Cayenne.ref.htm]
[www.naturesbounty.com/vf/healthnotes/HN_Live/Spanish/Es-Herb_Drugix/Garlic.htm]
[www.naturesbounty.com/vf/healthnotes/HN_Live/Spanish/Es-Herb/Fo-ti.jpg]
[www.naturesbounty.com/vf/healthnotes/HN_Live/Spanish/Es-Herb/Garlic.ref.htm]
[www.naturesbounty.com/vf/healthnotes/HN_Live/Spanish/Es-Herb_Drugix/Ginkgo_Biloba.htm]
[www.naturesbounty.com/vf/healthnotes/HN_Live/Spanish/Es-Herb/Red_Raspberry.jpg]
[www.naturesbounty.com/vf/healthnotes/HN_Live/Spanish/Es-Herb/Ginkgo_Biloba.ref.htm]
[www.naturesbounty.com/vf/healthnotes/HN_Live/Spanish/Es-Herb/Prickly_Ash.jpg]
[www.naturesbounty.com/vf/healthnotes/HN_Live/Spanish/Es-Herb/Artichoke.ref.htm]
[www.naturesbounty.com/vf/healthnotes/HN_Live/Spanish/Es-Herb/Yarrow.ref.htm]
[www.naturesbounty.com/vf/healthnotes/HN_Live/Spanish/Es-Herb/Caraway.ref.htm]
[www.naturesbounty.com/vf/healthnotes/HN_Live/Spanish/Es-Herb/Noni.jpg]
[www.naturesbounty.com/vf/healthnotes/HN_Live/Spanish/Es-Herb/Alfalfa.ref.htm]
[www.naturesbounty.com/vf/healthnotes/HN_Live/Spanish/Es-Supp/Blue_Green_Algae.ref.htm]
[www.naturesbounty.com/vf/healthnotes/HN_Live/Spanish/Es-Herb/Maitake.jpg]
[www.naturesbounty.com/vf/healthnotes/HN_Live/Spanish/Es-Herb/Carob.ref.htm]
[www.naturesbounty.com/vf/healthnotes/HN_Live/Spanish/Es-Herb_Drugix/Fenugreek.htm]
[www.naturesbounty.com/vf/healthnotes/HN_Live/Spanish/Es-Herb/Fenugreek.ref.htm]
[www.naturesbounty.com/vf/healthnotes/HN_Live/Spanish/Es-Herb/Ligustrum.ref.htm]
[www.naturesbounty.com/vf/healthnotes/HN_Live/Spanish/Es-Herb_Drugix/Aloe.htm]
[www.naturesbounty.com/vf/healthnotes/HN_Live/Spanish/Es-Herb/Ginger.jpg]
[www.naturesbounty.com/vf/healthnotes/HN_Live/Spanish/Es-Herb/Aloe.ref.htm]
[www.naturesbounty.com/vf/healthnotes/HN_Live/Spanish/Es-Herb/Gentian.jpg]
[www.naturesbounty.com/vf/healthnotes/HN_Live/Spanish/Es-Herb/Marshmallow.ref.htm]
[www.naturesbounty.com/vf/healthnotes/HN_Live/Spanish/Es-Herb/Ginseng_American.ref.htm]
[www.naturesbounty.com/vf/healthnotes/HN_Live/Spanish/Es-Herb/Scullcap_American.ref.htm]
[www.naturesbounty.com/vf/healthnotes/HN_Live/Spanish/Es-Herb/Goldenseal.jpg]
[www.naturesbounty.com/vf/healthnotes/HN_Live/Spanish/Es-Herb_Drugix/Cleavers.htm]
[www.naturesbounty.com/vf/healthnotes/HN_Live/Spanish/Es-Herb/Cleavers.ref.htm]
[www.naturesbounty.com/vf/healthnotes/HN_Live/Spanish/Es-Herb/Andrographis.ref.htm]
[www.naturesbounty.com/vf/healthnotes/HN_Live/Spanish/Es-Herb/Mullein.jpg]
[www.naturesbounty.com/vf/healthnotes/HN_Live/Spanish/Es-Herb/Gotu_Kola.jpg]
[www.naturesbounty.com/vf/healthnotes/HN_Live/Spanish/Es-Herb_Drugix/Dong_Quai.htm]
[www.naturesbounty.com/vf/healthnotes/HN_Live/Spanish/Es-Herb/Dong_Quai.ref.htm]
[www.naturesbounty.com/vf/healthnotes/HN_Live/Spanish/Es-Herb/Blueberry.ref.htm]
[www.naturesbounty.com/vf/healthnotes/HN_Live/Spanish/Es-Herb/Green_Tea.jpg]
[www.naturesbounty.com/vf/healthnotes/HN_Live/Spanish/Es-Herb/Bilberry.ref.htm]
[www.naturesbounty.com/vf/healthnotes/HN_Live/Spanish/Es-Herb_Drugix/Cranberry.htm]
[www.naturesbounty.com/vf/healthnotes/HN_Live/Spanish/Es-Herb/Guarana.jpg]
[www.naturesbounty.com/vf/healthnotes/HN_Live/Spanish/Es-Herb/Cranberry.ref.htm]
[www.naturesbounty.com/vf/healthnotes/HN_Live/Spanish/Es-Herb_Drugix/Red_Yeast_Rice.htm]
[www.naturesbounty.com/vf/healthnotes/HN_Live/Spanish/Es-Herb/Red_Yeast_Rice.ref.htm]
[www.naturesbounty.com/vf/healthnotes/HN_Live/Spanish/Es-Herb/Guggul.jpg]
[www.naturesbounty.com/vf/healthnotes/HN_Live/Spanish/Es-Herb/Ashwagandha.ref.htm]
[www.naturesbounty.com/vf/healthnotes/HN_Live/Spanish/Es-Herb/Witch_Hazel.jpg]
[www.naturesbounty.com/vf/healthnotes/HN_Live/Spanish/Es-Herb_Drugix/Ginseng_Asian.htm]
[www.naturesbounty.com/vf/healthnotes/HN_Live/Spanish/Es-Herb/St_Johns_Wort.jpg]
[www.naturesbounty.com/vf/healthnotes/HN_Live/Spanish/Es-Herb/Ginseng_Asian.ref.htm]
[www.naturesbounty.com/vf/healthnotes/HN_Live/Spanish/Es-Herb/Astragalus.ref.htm]
[www.naturesbounty.com/vf/healthnotes/HN_Live/Spanish/Es-Herb/Oats.ref.htm]
[www.naturesbounty.com/vf/healthnotes/HN_Live/Spanish/Es-Herb/Wild_Indigo.jpg]
[www.naturesbounty.com/vf/healthnotes/HN_Live/Spanish/Es-Herb/Turmeric.ref.htm]
[www.naturesbounty.com/vf/healthnotes/HN_Live/Spanish/Es-Herb/Stevia.jpg]
[www.naturesbounty.com/vf/healthnotes/HN_Live/Spanish/Es-Herb_Drugix/Lemon_Balm.htm]
[www.naturesbounty.com/vf/healthnotes/HN_Live/Spanish/Es-Herb/Lemon_Balm.ref.htm]
[www.naturesbounty.com/vf/healthnotes/HN_Live/Spanish/Es-Herb/Pennyroyal.jpg]
[www.naturesbounty.com/vf/healthnotes/HN_Live/Spanish/Es-Herb/Usnea.ref.htm]
[www.naturesbounty.com/vf/healthnotes/HN_Live/Spanish/Es-Herb/Hyssop.jpg]
[www.naturesbounty.com/vf/healthnotes/HN_Live/Spanish/Es-Herb/Burdock.ref.htm]
[www.naturesbounty.com/vf/healthnotes/HN_Live/Spanish/Es-Herb/Elderberry.ref.htm]
[www.naturesbounty.com/vf/healthnotes/HN_Live/Spanish/Es-Herb/Ivy_Leaf.jpg]
[www.naturesbounty.com/vf/healthnotes/HN_Live/Spanish/Es-Supp/Beta_Sitosterol.ref.htm]
[www.naturesbounty.com/vf/healthnotes/HN_Live/Spanish/Es-Herb/Bitter_Melon.ref.htm]
[www.naturesbounty.com/vf/healthnotes/HN_Live/Spanish/Es-Herb/Olive_Leaf.jpg]
[www.naturesbounty.com/vf/healthnotes/HN_Live/Spanish/Es-Herb/Black_Cohosh.ref.htm]
[www.naturesbounty.com/vf/healthnotes/HN_Live/Spanish/Es-Herb/Blackberry.ref.htm]
[www.naturesbounty.com/vf/healthnotes/HN_Live/Spanish/Es-Herb/Blessed_Thistle.ref.htm]
[www.naturesbounty.com/vf/healthnotes/HN_Live/Spanish/Es-Herb/Bloodroot.ref.htm]
[www.naturesbounty.com/vf/healthnotes/HN_Live/Spanish/Es-Herb/Hops.jpg]
[www.naturesbounty.com/vf/healthnotes/HN_Live/Spanish/Es-Herb/Blue_Cohosh.ref.htm]
[www.naturesbounty.com/vf/healthnotes/HN_Live/Spanish/Es-Herb/Blue_Flag.ref.htm]
[www.naturesbounty.com/vf/healthnotes/HN_Live/Spanish/Es-Herb/Horehound.jpg]
[www.naturesbounty.com/vf/healthnotes/HN_Live/Spanish/Es-Herb/Boldo.ref.htm]
[www.naturesbounty.com/vf/healthnotes/HN_Live/Spanish/Es-Herb/Horseradish.jpg]
[www.naturesbounty.com/vf/healthnotes/HN_Live/Spanish/Es-Herb/Boneset.ref.htm]
[www.naturesbounty.com/vf/healthnotes/HN_Live/Spanish/Es-Herb/Boswellia.ref.htm]
[www.naturesbounty.com/vf/healthnotes/HN_Live/Spanish/Es-Supp_Drugix/Bromelain.htm]
[www.naturesbounty.com/vf/healthnotes/HN_Live/Spanish/Es-Supp/Bromelain.ref.htm]
[www.naturesbounty.com/vf/healthnotes/HN_Live/Spanish/Es-Herb_Drugix/Buchu.htm]
[www.naturesbounty.com/vf/healthnotes/HN_Live/Spanish/Es-Herb/Kava.jpg]
[www.naturesbounty.com/vf/healthnotes/HN_Live/Spanish/Es-Herb/Buchu.ref.htm]
[www.naturesbounty.com/vf/healthnotes/HN_Live/Spanish/Es-Herb_Drugix/Bugleweed.htm]
[www.naturesbounty.com/vf/healthnotes/HN_Live/Spanish/Es-Herb/Kudzu.jpg]
[www.naturesbounty.com/vf/healthnotes/HN_Live/Spanish/Es-Herb/Bugleweed.ref.htm]
[www.naturesbounty.com/vf/healthnotes/HN_Live/Spanish/Es-Herb_Drugix/Bupleurum.htm]
[www.naturesbounty.com/vf/healthnotes/HN_Live/Spanish/Es-Herb/Bupleurum.ref.htm]
[www.naturesbounty.com/vf/healthnotes/HN_Live/Spanish/Es-Herb/Lavender.jpg]
[www.naturesbounty.com/vf/healthnotes/HN_Live/Spanish/Es-Herb/Butchers_Broom.ref.htm]
[www.naturesbounty.com/vf/healthnotes/HN_Live/Spanish/Es-Herb/Licorice.jpg]
[www.naturesbounty.com/vf/healthnotes/HN_Live/Spanish/Es-Herb/Calendula.ref.htm]
[www.naturesbounty.com/vf/healthnotes/HN_Live/Spanish/Es-Herb/Cinnamon.ref.htm]
[www.naturesbounty.com/vf/healthnotes/HN_Live/Spanish/Es-Herb/Chickweed.ref.htm]
[www.naturesbounty.com/vf/healthnotes/HN_Live/Spanish/Es-Herb/Wild_Cherry.ref.htm]
[www.naturesbounty.com/vf/healthnotes/HN_Live/Spanish/Es-Herb_Drugix/Milk_Thistle.htm]
[www.naturesbounty.com/vf/healthnotes/HN_Live/Spanish/Es-Herb/Lobelia.jpg]
[www.naturesbounty.com/vf/healthnotes/HN_Live/Spanish/Es-Herb/Milk_Thistle.ref.htm]
[www.naturesbounty.com/vf/healthnotes/HN_Live/Spanish/Es-Herb_Drugix/Horsetail.htm]
[www.naturesbounty.com/vf/healthnotes/HN_Live/Spanish/Es-Herb/Lomatium.jpg]
[www.naturesbounty.com/vf/healthnotes/HN_Live/Spanish/Es-Herb/Horsetail.ref.htm]
[www.naturesbounty.com/vf/healthnotes/HN_Live/Spanish/Es-Herb/Plantain.jpg]
[www.naturesbounty.com/vf/healthnotes/HN_Live/Spanish/Es-Herb_Drugix/Cascara.htm]
[www.naturesbounty.com/vf/healthnotes/HN_Live/Spanish/Es-Herb/Cascara.ref.htm]
[www.naturesbounty.com/vf/healthnotes/HN_Live/Spanish/Es-Herb/Oregano.jpg]
[www.naturesbounty.com/vf/healthnotes/HN_Live/Spanish/Es-Herb_Drugix/Psyllium.htm]
[www.naturesbounty.com/vf/healthnotes/HN_Live/Spanish/Es-Herb/Meadowsweet.jpg]
[www.naturesbounty.com/vf/healthnotes/HN_Live/Spanish/Es-Herb/Psyllium.ref.htm]
[www.naturesbounty.com/vf/healthnotes/HN_Live/Spanish/Es-Herb_Drugix/Horse_Chestnut.htm]
[www.naturesbounty.com/vf/healthnotes/HN_Live/Spanish/Es-Herb/Horse_Chestnut.ref.htm]
[www.naturesbounty.com/vf/healthnotes/HN_Live/Spanish/Es-Herb/Myrrh.jpg]
[www.naturesbounty.com/vf/healthnotes/HN_Live/Spanish/Es-Herb/Catnip.ref.htm]
[www.naturesbounty.com/vf/healthnotes/HN_Live/Spanish/Es-Herb/Mistletoe.jpg]
[www.naturesbounty.com/vf/healthnotes/HN_Live/Spanish/Es-Herb/Cats_Claw.ref.htm]
[www.naturesbounty.com/vf/healthnotes/HN_Live/Spanish/Es-Herb_Drugix/Juniper.htm]
[www.naturesbounty.com/vf/healthnotes/HN_Live/Spanish/Es-Herb/Wild_Yam.jpg]
[www.naturesbounty.com/vf/healthnotes/HN_Live/Spanish/Es-Herb/Juniper.ref.htm]
[www.naturesbounty.com/vf/healthnotes/HN_Live/Spanish/Es-Herb/Nettle.jpg]
[www.naturesbounty.com/vf/healthnotes/HN_Live/Spanish/Es-Herb/Greater_Celandine.ref.htm]
[www.naturesbounty.com/vf/healthnotes/HN_Live/Spanish/Es-Herb_Drugix/Chamomile.htm]
[www.naturesbounty.com/vf/healthnotes/HN_Live/Spanish/Es-Herb/Chamomile.ref.htm]
[www.naturesbounty.com/vf/healthnotes/HN_Live/Spanish/Es-Herb/Oak.jpg]
[www.naturesbounty.com/vf/healthnotes/HN_Live/Spanish/Es-Herb/Phyllanthus.ref.htm]
[www.naturesbounty.com/vf/healthnotes/HN_Live/Spanish/Es-Herb/Chaparral.ref.htm]
[www.naturesbounty.com/vf/healthnotes/HN_Live/Spanish/Es-Herb/Slippery_Elm.jpg]
[www.naturesbounty.com/vf/healthnotes/HN_Live/Spanish/Es-Herb/Oregon_Grape.jpg]
[www.naturesbounty.com/vf/healthnotes/HN_Live/Spanish/Es-Herb/Scullcap_Chinese.ref.htm]
[www.naturesbounty.com/vf/healthnotes/HN_Live/Spanish/Es-Herb_Drugix/Schisandra.htm]
[www.naturesbounty.com/vf/healthnotes/HN_Live/Spanish/Es-Herb/Schisandra.ref.htm]
[www.naturesbounty.com/vf/healthnotes/HN_Live/Spanish/Es-Herb_Drugix/Coleus.htm]
[www.naturesbounty.com/vf/healthnotes/HN_Live/Spanish/Es-Herb/Saw_Palmetto.jpg]
[www.naturesbounty.com/vf/healthnotes/HN_Live/Spanish/Es-Herb/Coleus.ref.htm]
[www.naturesbounty.com/vf/healthnotes/HN_Live/Spanish/Es-Herb/Passion_Flower.jpg]
[www.naturesbounty.com/vf/healthnotes/HN_Live/Spanish/Es-Herb/Coltsfoot.ref.htm]
[www.naturesbounty.com/vf/healthnotes/HN_Live/Spanish/Es-Herb/Comfrey.ref.htm]
[www.naturesbounty.com/vf/healthnotes/HN_Live/Spanish/Es-Supp/Pollen.jpg]
[www.naturesbounty.com/vf/healthnotes/HN_Live/Spanish/Es-Herb/Eyebright.ref.htm]
[www.naturesbounty.com/vf/healthnotes/HN_Live/Spanish/Es-Herb/Corydalis.ref.htm]
[www.naturesbounty.com/vf/healthnotes/HN_Live/Spanish/Es-Herb/Pygeum.jpg]
[www.naturesbounty.com/vf/healthnotes/HN_Live/Spanish/Es-Herb/Cranesbill.ref.htm]
[www.naturesbounty.com/vf/healthnotes/HN_Live/Spanish/Es-Herb/Damiana.ref.htm]
[www.naturesbounty.com/vf/healthnotes/HN_Live/Spanish/Es-Herb_Drugix/Dandelion.htm]
[www.naturesbounty.com/vf/healthnotes/HN_Live/Spanish/Es-Herb/Dandelion.ref.htm]
[www.naturesbounty.com/vf/healthnotes/HN_Live/Spanish/Es-Herb/Red_Clover.jpg]
[www.naturesbounty.com/vf/healthnotes/HN_Live/Spanish/Es-Herb_Drugix/Devils_Claw.htm]
[www.naturesbounty.com/vf/healthnotes/HN_Live/Spanish/Es-Herb/Devils_Claw.ref.htm]
[www.naturesbounty.com/vf/healthnotes/HN_Live/Spanish/Es-Herb/Reishi.jpg]
[www.naturesbounty.com/vf/healthnotes/HN_Live/Spanish/Es-Herb_Drugix/Echinacea.htm]
[www.naturesbounty.com/vf/healthnotes/HN_Live/Spanish/Es-Herb/Echinacea.ref.htm]
[www.naturesbounty.com/vf/healthnotes/HN_Live/Spanish/Es-Herb_Drugix/Ephedra.htm]
[www.naturesbounty.com/vf/healthnotes/HN_Live/Spanish/Es-Herb/Sundew.jpg]
[www.naturesbounty.com/vf/healthnotes/HN_Live/Spanish/Es-Herb/Ephedra.ref.htm]
[www.naturesbounty.com/vf/healthnotes/HN_Live/Spanish/Es-Herb/Rosemary.jpg]
[www.naturesbounty.com/vf/healthnotes/HN_Live/Spanish/Es-Herb/Elecampane.ref.htm]
[www.naturesbounty.com/vf/healthnotes/HN_Live/Spanish/Es-Herb_Drugix/Eleuthero.htm]
[www.naturesbounty.com/vf/healthnotes/HN_Live/Spanish/Es-Herb/Sage.jpg]
[www.naturesbounty.com/vf/healthnotes/HN_Live/Spanish/Es-Herb/Eleuthero.ref.htm]
[www.naturesbounty.com/vf/healthnotes/HN_Live/Spanish/Es-Herb_Drugix/Hawthorn.htm]
[www.naturesbounty.com/vf/healthnotes/HN_Live/Spanish/Es-Herb/Sandalwood.jpg]
[www.naturesbounty.com/vf/healthnotes/HN_Live/Spanish/Es-Herb/Hawthorn.ref.htm]
[www.naturesbounty.com/vf/healthnotes/HN_Live/Spanish/Es-Herb/Sarsaparilla.jpg]
[www.naturesbounty.com/vf/healthnotes/HN_Live/Spanish/Es-Herb/Eucalyptus.ref.htm]
[www.naturesbounty.com/vf/healthnotes/HN_Live/Spanish/Es-Herb/Yellow_Dock.ref.htm]
[www.naturesbounty.com/vf/healthnotes/HN_Live/Spanish/Es-Herb/False_Unicorn.ref.htm]
[www.naturesbounty.com/vf/healthnotes/HN_Live/Spanish/Es-Herb/White_Willow.jpg]
[www.naturesbounty.com/vf/healthnotes/HN_Live/Spanish/Es-Herb_Drugix/Fennel.htm]
[www.naturesbounty.com/vf/healthnotes/HN_Live/Spanish/Es-Herb/Senna.jpg]
[www.naturesbounty.com/vf/healthnotes/HN_Live/Spanish/Es-Herb/Fennel.ref.htm]
[www.naturesbounty.com/vf/healthnotes/HN_Live/Spanish/Es-Herb/Feverfew.ref.htm]
[www.naturesbounty.com/vf/healthnotes/HN_Live/Spanish/Es-Herb/Shiitake.jpg]
[www.naturesbounty.com/vf/healthnotes/HN_Live/Spanish/Es-Herb/Pau_Darco.ref.htm]
[www.naturesbounty.com/vf/healthnotes/HN_Live/Spanish/Es-Herb/Linden.ref.htm]
[www.naturesbounty.com/vf/healthnotes/HN_Live/Spanish/Es-Herb/Fo-ti.ref.htm]
[www.naturesbounty.com/vf/healthnotes/HN_Live/Spanish/Es-Herb_Drugix/Red_Raspberry.htm]
[www.naturesbounty.com/vf/healthnotes/HN_Live/Spanish/Es-Herb/Red_Raspberry.ref.htm]
[www.naturesbounty.com/vf/healthnotes/HN_Live/Spanish/Es-Herb/Thyme.jpg]
[www.naturesbounty.com/vf/healthnotes/HN_Live/Spanish/Es-Herb/Prickly_Ash.ref.htm]
[www.naturesbounty.com/vf/healthnotes/HN_Live/Spanish/Es-Herb/Noni.ref.htm]
[www.naturesbounty.com/vf/healthnotes/HN_Live/Spanish/Es-Herb/Valerian.jpg]
[www.naturesbounty.com/vf/healthnotes/HN_Live/Spanish/Es-Herb/Maitake.ref.htm]
[www.naturesbounty.com/vf/healthnotes/HN_Live/Spanish/Es-Herb/Vervain.jpg]
[www.naturesbounty.com/vf/healthnotes/HN_Live/Spanish/Es-Herb/Gentian.ref.htm]
[www.naturesbounty.com/vf/healthnotes/HN_Live/Spanish/Es-Herb_Drugix/Gymnema.htm]
[www.naturesbounty.com/vf/healthnotes/HN_Live/Spanish/Es-Herb/Gymnema.ref.htm]
[www.naturesbounty.com/vf/healthnotes/HN_Live/Spanish/Es-Herb/Yohimbe.jpg]
[www.naturesbounty.com/vf/healthnotes/HN_Live/Spanish/Es-Herb_Drugix/Ginger.htm]
[www.naturesbounty.com/vf/healthnotes/HN_Live/Spanish/Es-Herb/Yucca.jpg]
[www.naturesbounty.com/vf/healthnotes/HN_Live/Spanish/Es-Herb/Ginger.ref.htm]
[www.naturesbounty.com/vf/healthnotes/HN_Live/Spanish/Es-Herb/Suma.ref.htm]
[www.naturesbounty.com/vf/healthnotes/HN_Live/Spanish/Es-Supp/Borage.jpg]
[www.naturesbounty.com/vf/healthnotes/HN_Live/Spanish/Es-Herb_Drugix/Goldenseal.htm]
[www.naturesbounty.com/vf/healthnotes/HN_Live/Spanish/Es-Herb/Goldenseal.ref.htm]
[www.naturesbounty.com/vf/healthnotes/HN_Live/Spanish/Es-Herb/Mullein.ref.htm]
[www.naturesbounty.com/vf/healthnotes/HN_Live/Spanish/Es-Herb/Gotu_Kola.ref.htm]
[www.naturesbounty.com/vf/healthnotes/HN_Live/Spanish/Es-Herb_Drugix/Green_Tea.htm]
[www.naturesbounty.com/vf/healthnotes/HN_Live/Spanish/Es-Herb/Green_Tea.ref.htm]
[www.naturesbounty.com/vf/healthnotes/HN_Live/Spanish/Es-Herb_Drugix/Guarana.htm]
[www.naturesbounty.com/vf/healthnotes/HN_Live/Spanish/Es-Herb/Guarana.ref.htm]
[www.naturesbounty.com/vf/healthnotes/HN_Live/Spanish/Es-Herb/Guggul.ref.htm]
[www.naturesbounty.com/vf/healthnotes/HN_Live/Spanish/Es-Herb_Drugix/Witch_Hazel.htm]
[www.naturesbounty.com/vf/healthnotes/HN_Live/Spanish/Es-Herb/Witch_Hazel.ref.htm]
[www.naturesbounty.com/vf/healthnotes/HN_Live/Spanish/Es-Herb_Drugix/St_Johns_Wort.htm]
[www.naturesbounty.com/vf/healthnotes/HN_Live/Spanish/Es-Herb/St_Johns_Wort.ref.htm]
[www.naturesbounty.com/vf/healthnotes/HN_Live/Spanish/Es-Herb/Wild_Indigo.ref.htm]
[www.naturesbounty.com/vf/healthnotes/HN_Live/Spanish/Es-Herb/Stevia.ref.htm]
[www.naturesbounty.com/vf/healthnotes/HN_Live/Spanish/Es-Herb/Pennyroyal.ref.htm]
[www.naturesbounty.com/vf/healthnotes/HN_Live/Spanish/Es-Herb/Hyssop.ref.htm]
[www.naturesbounty.com/vf/healthnotes/HN_Live/Spanish/Es-Herb/Ivy_Leaf.ref.htm]
[www.naturesbounty.com/vf/healthnotes/HN_Live/Spanish/Es-Herb/Olive_Leaf.ref.htm]
[www.naturesbounty.com/vf/healthnotes/HN_Live/Spanish/Es-Herb/Hops.ref.htm]
[www.naturesbounty.com/vf/healthnotes/HN_Live/Spanish/Es-Herb/Horehound.ref.htm]
[www.naturesbounty.com/vf/healthnotes/HN_Live/Spanish/Es-Herb/Horseradish.ref.htm]
[www.naturesbounty.com/vf/healthnotes/HN_Live/Spanish/Es-Herb_Drugix/Huperzia.htm]
[www.naturesbounty.com/vf/healthnotes/HN_Live/Spanish/Es-Herb/Huperzia.ref.htm]
[www.naturesbounty.com/vf/healthnotes/HN_Live/Spanish/Es-Herb/Ipecac.ref.htm]
[www.naturesbounty.com/vf/healthnotes/HN_Live/Spanish/Es-Herb_Drugix/Kava.htm]
[www.naturesbounty.com/vf/healthnotes/HN_Live/Spanish/Es-Herb/Kava.ref.htm]
[www.naturesbounty.com/vf/healthnotes/HN_Live/Spanish/Es-Herb/Kudzu.ref.htm]
[www.naturesbounty.com/vf/healthnotes/HN_Live/Spanish/Es-Herb/Lavender.ref.htm]
[www.naturesbounty.com/vf/healthnotes/HN_Live/Spanish/Es-Herb_Drugix/Licorice.htm]
[www.naturesbounty.com/vf/healthnotes/HN_Live/Spanish/Es-Herb/Licorice.ref.htm]
[www.naturesbounty.com/vf/healthnotes/HN_Live/Spanish/Es-Herb/Plantain.ref.htm]
[www.naturesbounty.com/vf/healthnotes/HN_Live/Spanish/Es-Herb_Drugix/Lobelia.htm]
[www.naturesbounty.com/vf/healthnotes/HN_Live/Spanish/Es-Herb/Lobelia.ref.htm]
[www.naturesbounty.com/vf/healthnotes/HN_Live/Spanish/Es-Herb/Lomatium.ref.htm]
[www.naturesbounty.com/vf/healthnotes/HN_Live/Spanish/Es-Herb/Oregano.ref.htm]
[www.naturesbounty.com/vf/healthnotes/HN_Live/Spanish/Es-Herb_Drugix/Meadowsweet.htm]
[www.naturesbounty.com/vf/healthnotes/HN_Live/Spanish/Es-Herb/Meadowsweet.ref.htm]
[www.naturesbounty.com/vf/healthnotes/HN_Live/Spanish/Es-Herb/Myrrh.ref.htm]
[www.naturesbounty.com/vf/healthnotes/HN_Live/Spanish/Es-Herb/Mistletoe.ref.htm]
[www.naturesbounty.com/vf/healthnotes/HN_Live/Spanish/Es-Herb/Wild_Yam.ref.htm]
[www.naturesbounty.com/vf/healthnotes/HN_Live/Spanish/Es-Herb_Drugix/Nettle.htm]
[www.naturesbounty.com/vf/healthnotes/HN_Live/Spanish/Es-Herb/Nettle.ref.htm]
[www.naturesbounty.com/vf/healthnotes/HN_Live/Spanish/Es-Herb_Drugix/Oak.htm]
[www.naturesbounty.com/vf/healthnotes/HN_Live/Spanish/Es-Herb/Oak.ref.htm]
[www.naturesbounty.com/vf/healthnotes/HN_Live/Spanish/Es-Herb/Slippery_Elm.ref.htm]
[www.naturesbounty.com/vf/healthnotes/HN_Live/Spanish/Es-Herb_Drugix/Oregon_Grape.htm]
[www.naturesbounty.com/vf/healthnotes/HN_Live/Spanish/Es-Herb/Oregon_Grape.ref.htm]
[www.naturesbounty.com/vf/healthnotes/HN_Live/Spanish/Es-Herb/Saw_Palmetto.ref.htm]
[www.naturesbounty.com/vf/healthnotes/HN_Live/Spanish/Es-Herb/Passion_Flower.ref.htm]
[www.naturesbounty.com/vf/healthnotes/HN_Live/Spanish/Es-Herb_Drugix/Picrorhiza.htm]
[www.naturesbounty.com/vf/healthnotes/HN_Live/Spanish/Es-Herb/Picrorhiza.ref.htm]
[www.naturesbounty.com/vf/healthnotes/HN_Live/Spanish/Es-Supp/Pollen.ref.htm]
[www.naturesbounty.com/vf/healthnotes/HN_Live/Spanish/Es-Supp/Proanthocyanidin.ref.htm]
[www.naturesbounty.com/vf/healthnotes/HN_Live/Spanish/Es-Herb/Pygeum.ref.htm]
[www.naturesbounty.com/vf/healthnotes/HN_Live/Spanish/Es-Supp/Kelp.ref.htm]
[www.naturesbounty.com/vf/healthnotes/HN_Live/Spanish/Es-Herb_Drugix/Red_Clover.htm]
[www.naturesbounty.com/vf/healthnotes/HN_Live/Spanish/Es-Herb/Red_Clover.ref.htm]
[www.naturesbounty.com/vf/healthnotes/HN_Live/Spanish/Es-Herb_Drugix/Reishi.htm]
[www.naturesbounty.com/vf/healthnotes/HN_Live/Spanish/Es-Herb/Reishi.ref.htm]
[www.naturesbounty.com/vf/healthnotes/HN_Live/Spanish/Es-Herb/Sundew.ref.htm]
[www.naturesbounty.com/vf/healthnotes/HN_Live/Spanish/Es-Herb/Rosemary.ref.htm]
[www.naturesbounty.com/vf/healthnotes/HN_Live/Spanish/Es-Herb/Sage.ref.htm]
[www.naturesbounty.com/vf/healthnotes/HN_Live/Spanish/Es-Herb/Sandalwood.ref.htm]
[www.naturesbounty.com/vf/healthnotes/HN_Live/Spanish/Es-Herb_Drugix/Sarsaparilla.htm]
[www.naturesbounty.com/vf/healthnotes/HN_Live/Spanish/Es-Herb/Sarsaparilla.ref.htm]
[www.naturesbounty.com/vf/healthnotes/HN_Live/Spanish/Es-Herb_Drugix/White_Willow.htm]
[www.naturesbounty.com/vf/healthnotes/HN_Live/Spanish/Es-Herb/White_Willow.ref.htm]
[www.naturesbounty.com/vf/healthnotes/HN_Live/Spanish/Es-Herb_Drugix/Senna.htm]
[www.naturesbounty.com/vf/healthnotes/HN_Live/Spanish/Es-Herb/Senna.ref.htm]
[www.naturesbounty.com/vf/healthnotes/HN_Live/Spanish/Es-Herb_Drugix/Shiitake.htm]
[www.naturesbounty.com/vf/healthnotes/HN_Live/Spanish/Es-Herb/Shiitake.ref.htm]
[www.naturesbounty.com/vf/healthnotes/HN_Live/Spanish/Es-Supp_Drugix/Soy.htm]
[www.naturesbounty.com/vf/healthnotes/HN_Live/Spanish/Es-Supp/Soy.ref.htm]
[www.naturesbounty.com/vf/healthnotes/HN_Live/Spanish/Es-Herb/Thyme.ref.htm]
[www.naturesbounty.com/vf/healthnotes/HN_Live/Spanish/Es-Herb/Tylophora.ref.htm]
[www.naturesbounty.com/vf/healthnotes/HN_Live/Spanish/Es-Herb/Valerian.ref.htm]
[www.naturesbounty.com/vf/healthnotes/HN_Live/Spanish/Es-Herb/Vervain.ref.htm]
[www.naturesbounty.com/vf/healthnotes/HN_Live/Spanish/Es-Herb_Drugix/Yohimbe.htm]
[www.naturesbounty.com/vf/healthnotes/HN_Live/Spanish/Es-Herb/Yohimbe.ref.htm]
[www.naturesbounty.com/vf/healthnotes/HN_Live/Spanish/Es-Herb/Yucca.ref.htm]
[www.naturesbounty.com/vf/healthnotes/HN_Live/Spanish/Es-Supp/Borage.ref.htm]
[www.naturesbounty.com/vf/healthnotes/HN_Live/Spanish/Es-Supp/Hydroxycitric_Acid.ref.htm]
[www.naturesbounty.com/vf/healthnotes/HN_Live/Spanish/Es-Supp/Flaxseed.ref.htm]
[www.naturesbounty.com/vf/healthnotes/HN_Live/Spanish/Es-Supp/Branched_Chain_Aminos.ref.htm]
[www.naturesbounty.com/vf/healthnotes/HN_Live/Spanish/Es-Supp_Drugix/Fish_Oil.htm]
[www.naturesbounty.com/vf/healthnotes/HN_Live/Spanish/Es-Supp/Fish_Oil.ref.htm]
[www.naturesbounty.com/vf/healthnotes/HN_Live/Spanish/Es-Supp_Drugix/Acetyl_L_Carnitine.htm]
[www.naturesbounty.com/vf/healthnotes/HN_Live/Spanish/Es-Supp/Acetyl_L_Carnitine.ref.htm]
[www.naturesbounty.com/vf/healthnotes/HN_Live/Spanish/Es-Supp_Drugix/N_Acetyl_Cysteine.htm]
[www.naturesbounty.com/vf/healthnotes/HN_Live/Spanish/Es-Supp/N_Acetyl_Cysteine.ref.htm]
[www.naturesbounty.com/vf/healthnotes/HN_Live/Spanish/Es-Supp_Drugix/Probiotics.htm]
[www.naturesbounty.com/vf/healthnotes/HN_Live/Spanish/Es-Supp/Probiotics.ref.htm]
[www.naturesbounty.com/vf/healthnotes/HN_Live/Spanish/Es-Supp_Drugix/Vitamin_B12.htm]
[www.naturesbounty.com/vf/healthnotes/HN_Live/Spanish/Es-Supp/Vitamin_B12.ref.htm]
[www.naturesbounty.com/vf/healthnotes/HN_Live/Spanish/Es-Supp/Adenosine_Monophosphate.ref.htm]
[www.naturesbounty.com/vf/healthnotes/HN_Live/Spanish/Es-Supp/Adrenal_Extract.ref.htm]
[www.naturesbounty.com/vf/healthnotes/HN_Live/Spanish/Es-Supp/Alpha_Lipoic_Acid.ref.htm]
[www.naturesbounty.com/vf/healthnotes/HN_Live/Spanish/Es-Supp/Alanine.ref.htm]
[www.naturesbounty.com/vf/healthnotes/HN_Live/Spanish/Es-Supp_Drugix/Vitamin_E.htm]
[www.naturesbounty.com/vf/healthnotes/HN_Live/Spanish/Es-Supp/Vitamin_E.ref.htm]
[www.naturesbounty.com/vf/healthnotes/HN_Live/Spanish/Es-Supp/Amino_Acids.ref.htm]
[www.naturesbounty.com/vf/healthnotes/HN_Live/Spanish/Es-Supp_Drugix/5-HTP.htm]
[www.naturesbounty.com/vf/healthnotes/HN_Live/Spanish/Es-Supp/5-HTP.ref.htm]
[www.naturesbounty.com/vf/healthnotes/HN_Live/Spanish/Es-Supp/Glutamic_Acid.ref.htm]
[www.naturesbounty.com/vf/healthnotes/HN_Live/Spanish/Es-Supp/Arginine.ref.htm]
[www.naturesbounty.com/vf/healthnotes/HN_Live/Spanish/Es-Supp_Drugix/Carnitine.htm]
[www.naturesbounty.com/vf/healthnotes/HN_Live/Spanish/Es-Supp/Carnitine.ref.htm]
[www.naturesbounty.com/vf/healthnotes/HN_Live/Spanish/Es-Supp/Cysteine.ref.htm]
[www.naturesbounty.com/vf/healthnotes/HN_Live/Spanish/Es-Supp/Phenylalanine.ref.htm]
[www.naturesbounty.com/vf/healthnotes/HN_Live/Spanish/Es-Supp_Drugix/Glycine.htm]
[www.naturesbounty.com/vf/healthnotes/HN_Live/Spanish/Es-Supp/Glycine.ref.htm]
[www.naturesbounty.com/vf/healthnotes/HN_Live/Spanish/Es-Supp_Drugix/Glutamine.htm]
[www.naturesbounty.com/vf/healthnotes/HN_Live/Spanish/Es-Supp/Glutamine.ref.htm]
[www.naturesbounty.com/vf/healthnotes/HN_Live/Spanish/Es-Supp/Histidine.ref.htm]
[www.naturesbounty.com/vf/healthnotes/HN_Live/Spanish/Es-Supp_Drugix/Tyrosine.htm]
[www.naturesbounty.com/vf/healthnotes/HN_Live/Spanish/Es-Supp/Tyrosine.ref.htm]
[www.naturesbounty.com/vf/healthnotes/HN_Live/Spanish/Es-Supp/Methionine.ref.htm]
[www.naturesbounty.com/vf/healthnotes/HN_Live/Spanish/Es-Supp_Drugix/Taurine.htm]
[www.naturesbounty.com/vf/healthnotes/HN_Live/Spanish/Es-Supp/Taurine.ref.htm]
[www.naturesbounty.com/vf/healthnotes/HN_Live/Spanish/Es-Supp_Drugix/Androstenedione.htm]
[www.naturesbounty.com/vf/healthnotes/HN_Live/Spanish/Es-Supp/Androstenedione.ref.htm]
[www.naturesbounty.com/vf/healthnotes/HN_Live/Spanish/Es-Supp_Drugix/Vitamin_C.htm]
[www.naturesbounty.com/vf/healthnotes/HN_Live/Spanish/Es-Supp/Vitamin_C.ref.htm]
[www.naturesbounty.com/vf/healthnotes/HN_Live/Spanish/Es-Supp/Sulfur.ref.htm]
[www.naturesbounty.com/vf/healthnotes/HN_Live/Spanish/Es-Supp_Drugix/Beta_Carotene.htm]
[www.naturesbounty.com/vf/healthnotes/HN_Live/Spanish/Es-Supp/Beta_Carotene.ref.htm]
[www.naturesbounty.com/vf/healthnotes/HN_Live/Spanish/Es-Supp/Beta_Glucan.ref.htm]
[www.naturesbounty.com/vf/healthnotes/HN_Live/Spanish/Es-Supp/HMB.ref.htm]
[www.naturesbounty.com/vf/healthnotes/HN_Live/Spanish/Es-Supp/Betaine.ref.htm]
[www.naturesbounty.com/vf/healthnotes/HN_Live/Spanish/Es-Supp/Betaine_HCl.ref.htm]
[www.naturesbounty.com/vf/healthnotes/HN_Live/Spanish/Es-Supp_Drugix/Flavonoids.htm]
[www.naturesbounty.com/vf/healthnotes/HN_Live/Spanish/Es-Supp/Flavonoids.ref.htm]
[www.naturesbounty.com/vf/healthnotes/HN_Live/Spanish/Es-Supp_Drugix/Biotin.htm]
[www.naturesbounty.com/vf/healthnotes/HN_Live/Spanish/Es-Supp/Biotin.ref.htm]
[www.naturesbounty.com/vf/healthnotes/HN_Live/Spanish/Es-Supp/Boric_Acid.ref.htm]
[www.naturesbounty.com/vf/healthnotes/HN_Live/Spanish/Es-Supp/Boron.ref.htm]
[www.naturesbounty.com/vf/healthnotes/HN_Live/Spanish/Es-Supp/Bovine_Colostrum.ref.htm]
[www.naturesbounty.com/vf/healthnotes/HN_Live/Spanish/Es-Supp_Drugix/Brewers_Yeast.htm]
[www.naturesbounty.com/vf/healthnotes/HN_Live/Spanish/Es-Supp/Brewers_Yeast.ref.htm]
[www.naturesbounty.com/vf/healthnotes/HN_Live/Spanish/Es-Images/dnicon_Beneficial.gif]
[www.naturesbounty.com/vf/healthnotes/HN_Live/Spanish/Es-Supp_Drugix/Vitamin_B6.htm]
[www.naturesbounty.com/vf/healthnotes/HN_Live/Spanish/Es-Supp/Vitamin_B6.ref.htm]
[www.naturesbounty.com/vf/healthnotes/HN_Live/Spanish/Es-Supp_Drugix/Vitamin_D.htm]
[www.naturesbounty.com/vf/healthnotes/HN_Live/Spanish/Es-Supp/Vitamin_D.ref.htm]
[www.naturesbounty.com/vf/healthnotes/HN_Live/Spanish/Es-Supp_Drugix/Calcium.htm]
[www.naturesbounty.com/vf/healthnotes/HN_Live/Spanish/Es-Supp/Calcium.ref.htm]
[www.naturesbounty.com/vf/healthnotes/HN_Live/Spanish/Es-Supp/Calcium_D-Glucarate.ref.htm]
[www.naturesbounty.com/vf/healthnotes/HN_Live/Spanish/Es-Supp/Carnosine.ref.htm]
[www.naturesbounty.com/vf/healthnotes/HN_Live/Spanish/Es-Supp_Drugix/Carotenes.htm]
[www.naturesbounty.com/vf/healthnotes/HN_Live/Spanish/Es-Supp/Carotenes.ref.htm]
[www.naturesbounty.com/vf/healthnotes/HN_Live/Spanish/Es-Supp/Cartilage.ref.htm]
[www.naturesbounty.com/vf/healthnotes/HN_Live/Spanish/Es-Supp/Cetyl_Myristoleate.ref.htm]
[www.naturesbounty.com/vf/healthnotes/HN_Live/Spanish/Es-Supp/Chitosan.ref.htm]
[www.naturesbounty.com/vf/healthnotes/HN_Live/Spanish/Es-Supp/Chlorophyll.ref.htm]
[www.naturesbounty.com/vf/healthnotes/HN_Live/Spanish/Es-Supp/Chondroitin_Sulfate.ref.htm]
[www.naturesbounty.com/vf/healthnotes/HN_Live/Spanish/Es-Supp_Drugix/Chromium.htm]
[www.naturesbounty.com/vf/healthnotes/HN_Live/Spanish/Es-Supp/Chromium.ref.htm]
[www.naturesbounty.com/vf/healthnotes/HN_Live/Spanish/Es-Supp_Drugix/Zinc.htm]
[www.naturesbounty.com/vf/healthnotes/HN_Live/Spanish/Es-Supp/Zinc.ref.htm]
[www.naturesbounty.com/vf/healthnotes/HN_Live/Spanish/Es-Supp/CLA.ref.htm]
[www.naturesbounty.com/vf/healthnotes/HN_Live/Spanish/Es-Supp_Drugix/Copper.htm]
[www.naturesbounty.com/vf/healthnotes/HN_Live/Spanish/Es-Supp/Copper.ref.htm]
[www.naturesbounty.com/vf/healthnotes/HN_Live/Spanish/Es-Supp_Drugix/Coenzyme_Q10.htm]
[www.naturesbounty.com/vf/healthnotes/HN_Live/Spanish/Es-Supp/Coenzyme_Q10.ref.htm]
[www.naturesbounty.com/vf/healthnotes/HN_Live/Spanish/Es-Supp/Lecithin.ref.htm]
[www.naturesbounty.com/vf/healthnotes/HN_Live/Spanish/Es-Supp/Colloidal_Silver.ref.htm]
[www.naturesbounty.com/vf/healthnotes/HN_Live/Spanish/Es-Supp/Glucosamine_Chondroitin.ref.htm]
[www.naturesbounty.com/vf/healthnotes/HN_Live/Spanish/Es-Supp/Creatine_Monohydrate.ref.htm]
[www.naturesbounty.com/vf/healthnotes/HN_Live/Spanish/Es-Supp/DMAE.ref.htm]
[www.naturesbounty.com/vf/healthnotes/HN_Live/Spanish/Es-Supp_Drugix/DHEA.htm]
[www.naturesbounty.com/vf/healthnotes/HN_Live/Spanish/Es-Supp/DHEA.ref.htm]
[www.naturesbounty.com/vf/healthnotes/HN_Live/Spanish/Es-Supp/DHA.ref.htm]
[www.naturesbounty.com/vf/healthnotes/HN_Live/Spanish/Es-Supp_Drugix/Enzymes.htm]
[www.naturesbounty.com/vf/healthnotes/HN_Live/Spanish/Es-Supp/Enzymes.ref.htm]
[www.naturesbounty.com/vf/healthnotes/HN_Live/Spanish/Es-Supp/MSM.ref.htm]
[www.naturesbounty.com/vf/healthnotes/HN_Live/Spanish/Es-Supp/DMSO.ref.htm]
[www.naturesbounty.com/vf/healthnotes/HN_Live/Spanish/Es-Supp/Lactase.ref.htm]
[www.naturesbounty.com/vf/healthnotes/HN_Live/Spanish/Es-Supp/Lipase.ref.htm]
[www.naturesbounty.com/vf/healthnotes/HN_Live/Spanish/Es-Supp/Strontium.ref.htm]
[www.naturesbounty.com/vf/healthnotes/HN_Live/Spanish/Es-Supp/Grapefruit_Seed_Extract.ref.htm]
[www.naturesbounty.com/vf/healthnotes/HN_Live/Spanish/Es-Supp/Liver_Extracts.ref.htm]
[www.naturesbounty.com/vf/healthnotes/HN_Live/Spanish/Es-Supp_Drugix/Spleen_Extracts.htm]
[www.naturesbounty.com/vf/healthnotes/HN_Live/Spanish/Es-Supp/Spleen_Extracts.ref.htm]
[www.naturesbounty.com/vf/healthnotes/HN_Live/Spanish/Es-Supp_Drugix/Thymus_Extracts.htm]
[www.naturesbounty.com/vf/healthnotes/HN_Live/Spanish/Es-Supp/Thymus_Extracts.ref.htm]
[www.naturesbounty.com/vf/healthnotes/HN_Live/Spanish/Es-Supp_Drugix/Fiber.htm]
[www.naturesbounty.com/vf/healthnotes/HN_Live/Spanish/Es-Supp/Fiber.ref.htm]
[www.naturesbounty.com/vf/healthnotes/HN_Live/Spanish/Es-Supp_Drugix/Vitamin_K.htm]
[www.naturesbounty.com/vf/healthnotes/HN_Live/Spanish/Es-Supp/Vitamin_K.ref.htm]
[www.naturesbounty.com/vf/healthnotes/HN_Live/Spanish/Es-Supp/IP-6.ref.htm]
[www.naturesbounty.com/vf/healthnotes/HN_Live/Spanish/Es-Supp_Drugix/Folic_Acid.htm]
[www.naturesbounty.com/vf/healthnotes/HN_Live/Spanish/Es-Supp/Folic_Acid.ref.htm]
[www.naturesbounty.com/vf/healthnotes/HN_Live/Spanish/Es-Supp/FOS.ref.htm]
[www.naturesbounty.com/vf/healthnotes/HN_Live/Spanish/Es-Supp/Phosphatidylserine.ref.htm]
[www.naturesbounty.com/vf/healthnotes/HN_Live/Spanish/Es-Supp/Fumaric_Acid.ref.htm]
[www.naturesbounty.com/vf/healthnotes/HN_Live/Spanish/Es-Supp/GABA.ref.htm]
[www.naturesbounty.com/vf/healthnotes/HN_Live/Spanish/Es-Supp/Gamma_Oryzanol.ref.htm]
[www.naturesbounty.com/vf/healthnotes/HN_Live/Spanish/Es-Supp/Glucomannan.ref.htm]
[www.naturesbounty.com/vf/healthnotes/HN_Live/Spanish/Es-Supp/Glucosamine.ref.htm]
[www.naturesbounty.com/vf/healthnotes/HN_Live/Spanish/Es-Supp_Drugix/Glutathione.htm]
[www.naturesbounty.com/vf/healthnotes/HN_Live/Spanish/Es-Supp/Glutathione.ref.htm]
[www.naturesbounty.com/vf/healthnotes/HN_Live/Spanish/Es-Supp/Green_Lipped_Mussel.ref.htm]
[www.naturesbounty.com/vf/healthnotes/HN_Live/Spanish/Es-Supp_Drugix/Vitamin_B3.htm]
[www.naturesbounty.com/vf/healthnotes/HN_Live/Spanish/Es-Supp/Vitamin_B3.ref.htm]
[www.naturesbounty.com/vf/healthnotes/HN_Live/Spanish/Es-Supp_Drugix/Iron.htm]
[www.naturesbounty.com/vf/healthnotes/HN_Live/Spanish/Es-Supp/Iron.ref.htm]
[www.naturesbounty.com/vf/healthnotes/HN_Live/Spanish/Es-Supp/Indole_3_Carbinol.ref.htm]
[www.naturesbounty.com/vf/healthnotes/HN_Live/Spanish/Es-Supp/Inosine.ref.htm]
[www.naturesbounty.com/vf/healthnotes/HN_Live/Spanish/Es-Supp_Drugix/Inositol.htm]
[www.naturesbounty.com/vf/healthnotes/HN_Live/Spanish/Es-Supp/Inositol.ref.htm]
[www.naturesbounty.com/vf/healthnotes/HN_Live/Spanish/Es-Supp/Iodine.ref.htm]
[www.naturesbounty.com/vf/healthnotes/HN_Live/Spanish/Es-Supp_Drugix/Ipriflavone.htm]
[www.naturesbounty.com/vf/healthnotes/HN_Live/Spanish/Es-Supp/Ipriflavone.ref.htm]
[www.naturesbounty.com/vf/healthnotes/HN_Live/Spanish/Es-Supp/Royal_Jelly.ref.htm]
[www.naturesbounty.com/vf/healthnotes/HN_Live/Spanish/Es-Supp/Lycopene.ref.htm]
[www.naturesbounty.com/vf/healthnotes/HN_Live/Spanish/Es-Supp/Lysine.ref.htm]
[www.naturesbounty.com/vf/healthnotes/HN_Live/Spanish/Es-Supp/Lutein.ref.htm]
[www.naturesbounty.com/vf/healthnotes/HN_Live/Spanish/Es-Supp_Drugix/Magnesium.htm]
[www.naturesbounty.com/vf/healthnotes/HN_Live/Spanish/Es-Supp/Magnesium.ref.htm]
[www.naturesbounty.com/vf/healthnotes/HN_Live/Spanish/Es-Supp/Malic_Acid.ref.htm]
[www.naturesbounty.com/vf/healthnotes/HN_Live/Spanish/Es-Supp_Drugix/Manganese.htm]
[www.naturesbounty.com/vf/healthnotes/HN_Live/Spanish/Es-Supp/Manganese.ref.htm]
[www.naturesbounty.com/vf/healthnotes/HN_Live/Spanish/Es-Supp/Medium_Chain_Triglycerides.ref.htm]
[www.naturesbounty.com/vf/healthnotes/HN_Live/Spanish/Es-Supp_Drugix/Melatonin.htm]
[www.naturesbounty.com/vf/healthnotes/HN_Live/Spanish/Es-Supp/Melatonin.ref.htm]
[www.naturesbounty.com/vf/healthnotes/HN_Live/Spanish/Es-Supp/Molybdenum.ref.htm]
[www.naturesbounty.com/vf/healthnotes/HN_Live/Spanish/Es-Supp/N_Acetyl_Glucosamine.ref.htm]
[www.naturesbounty.com/vf/healthnotes/HN_Live/Spanish/Es-Supp/NADH.ref.htm]
[www.naturesbounty.com/vf/healthnotes/HN_Live/Spanish/Es-Supp/OKG.ref.htm]
[www.naturesbounty.com/vf/healthnotes/HN_Live/Spanish/Es-Supp_Drugix/PABA.htm]
[www.naturesbounty.com/vf/healthnotes/HN_Live/Spanish/Es-Supp/PABA.ref.htm]
[www.naturesbounty.com/vf/healthnotes/HN_Live/Spanish/Es-Supp_Drugix/Vitamin_B5.htm]
[www.naturesbounty.com/vf/healthnotes/HN_Live/Spanish/Es-Supp/Vitamin_B5.ref.htm]
[www.naturesbounty.com/vf/healthnotes/HN_Live/Spanish/Es-Supp/Pyruvate.ref.htm]
[www.naturesbounty.com/vf/healthnotes/HN_Live/Spanish/Es-Supp_Drugix/Potassium.htm]
[www.naturesbounty.com/vf/healthnotes/HN_Live/Spanish/Es-Supp/Potassium.ref.htm]
[www.naturesbounty.com/vf/healthnotes/HN_Live/Spanish/Es-Supp/Pregnenolone.ref.htm]
[www.naturesbounty.com/vf/healthnotes/HN_Live/Spanish/Es-Supp/Progesterone.ref.htm]
[www.naturesbounty.com/vf/healthnotes/HN_Live/Spanish/Es-Supp/Whey_Protein.ref.htm]
[www.naturesbounty.com/vf/healthnotes/HN_Live/Spanish/Es-Supp_Drugix/Quercetin.htm]
[www.naturesbounty.com/vf/healthnotes/HN_Live/Spanish/Es-Supp/Quercetin.ref.htm]
[www.naturesbounty.com/vf/healthnotes/HN_Live/Spanish/Es-Supp/Resveratrol.ref.htm]
[www.naturesbounty.com/vf/healthnotes/HN_Live/Spanish/Es-Supp_Drugix/Vitamin_A.htm]
[www.naturesbounty.com/vf/healthnotes/HN_Live/Spanish/Es-Supp/Vitamin_A.ref.htm]
[www.naturesbounty.com/vf/healthnotes/HN_Live/Spanish/Es-Supp_Drugix/Vitamin_B2.htm]
[www.naturesbounty.com/vf/healthnotes/HN_Live/Spanish/Es-Supp/Vitamin_B2.ref.htm]
[www.naturesbounty.com/vf/healthnotes/HN_Live/Spanish/Es-Supp/7-KETO.ref.htm]
[www.naturesbounty.com/vf/healthnotes/HN_Live/Spanish/Es-Supp_Drugix/SAMe.htm]
[www.naturesbounty.com/vf/healthnotes/HN_Live/Spanish/Es-Supp/SAMe.ref.htm]
[www.naturesbounty.com/vf/healthnotes/HN_Live/Spanish/Es-Supp_Drugix/Selenium.htm]
[www.naturesbounty.com/vf/healthnotes/HN_Live/Spanish/Es-Supp/Selenium.ref.htm]
[www.naturesbounty.com/vf/healthnotes/HN_Live/Spanish/Es-Supp/Silicon.ref.htm]
[www.naturesbounty.com/vf/healthnotes/HN_Live/Spanish/Es-Supp/Sulforaphane.ref.htm]
[www.naturesbounty.com/vf/healthnotes/HN_Live/Spanish/Es-Supp_Drugix/Vitamin_B1.htm]
[www.naturesbounty.com/vf/healthnotes/HN_Live/Spanish/Es-Supp/Vitamin_B1.ref.htm]
[www.naturesbounty.com/vf/healthnotes/HN_Live/Spanish/Es-Supp_Drugix/Tocotrienols.htm]
[www.naturesbounty.com/vf/healthnotes/HN_Live/Spanish/Es-Supp/Tocotrienols.ref.htm]
[www.naturesbounty.com/vf/healthnotes/HN_Live/Spanish/Es-Supp/Vanadium.ref.htm]
[www.naturesbounty.com/vf/healthnotes/HN_Live/Spanish/Info/Journals.htm]
[www.naturesbounty.com/vf/healthnotes/HN_Live/Spanish/Info/About_Medical_Advisors.htm]
[www.naturesbounty.com/vf/healthnotes/HN_Live/Spanish/Info/Book_Osteoporosis.htm]
[www.naturesbounty.com/vf/healthnotes/HN_Live/Spanish/Info/Book_Wright_Gaby.htm]
[www.naturesbounty.com/vf/healthnotes/HN_Live/Spanish/Es-Images/dnicon_Avoid.gif]
[www.naturesbounty.com/vf/healthnotes/HN_Live/Spanish/Es-Images/dnicon_Check.gif]
[www.naturesbounty.com/vf/healthnotes/HN_Live/Spanish/Info/Book_Natural_Pharmacy.htm]
[www.naturesbounty.com/vf/healthnotes/HN_Live/Spanish/Info/Book_Breast_Cancer.htm]
[www.naturesbounty.com/vf/healthnotes/HN_Live/Spanish/Info/Book_Osteoporosis.jpg]
[www.naturesbounty.com/vf/healthnotes/HN_Live/Spanish/Info/Book_Wright-3.jpg]
[www.naturesbounty.com/vf/healthnotes/HN_Live/Spanish/Images/LogoCpyrt.gif]
[www.naturesbounty.com/vf/healthnotes/HN_Live/Spanish/Info/Book_Natural_Pharmacy.jpg]
[www.naturesbounty.com/vf/healthnotes/HN_Live/Spanish/Info/Book_AZ_Drug_Interactions.jpg]
[www.naturesbounty.com/vf/healthnotes/HN_Live/Spanish/Info/Home_CDROM.jpg]
[www.naturesbounty.com/vf/healthnotes/HN_Live/Spanish/Info/Book_Breast_Cancer.jpg]
